Microchip MPLAB XC8 Compiler V2.31

Linker command line:

-W-3 --edf=C:\Program Files\Microchip\xc8\v2.31\pic\dat\en_msgs.txt -cn \
  -h+dist/Release/production\I2CEncoderV2.1.X.production.sym \
  --cmf=dist/Release/production\I2CEncoderV2.1.X.production.cmf -z \
  -Q16F18345 -oC:\Users\Saimon\AppData\Local\Temp\sr8g.2 \
  --defsym=__MPLAB_BUILD=1 \
  -Mdist/Release/production/I2CEncoderV2.1.X.production.map -E1 \
  -ver=XC8 Compiler --acfsm=1493 -ASTACK=0208Bh-023EFh -pstack=STACK \
  -ACODE=00h-07FFhx4 -ASTRCODE=00h-01FFFh -ASTRING=00h-0FFhx32 \
  -ACONST=00h-0FFhx32 -AENTRY=00h-0FFhx32 -ACOMMON=070h-07Fh \
  -ABANK0=020h-06Fh -ABANK1=0A0h-0EFh -ABANK2=0120h-016Fh \
  -ABANK3=01A0h-01EFh -ABANK4=0220h-026Fh -ABANK5=02A0h-02EFh \
  -ABANK6=0320h-036Fh -ABANK7=03A0h-03EFh -ABANK8=0420h-046Fh \
  -ABANK9=04A0h-04EFh -ABANK10=0520h-056Fh -ABANK11=05A0h-05EFh \
  -ABANK12=0620h-064Fh -ABIGRAM=02000h-023EFh \
  -ARAM=020h-06Fh,0A0h-0EFh,0120h-016Fh,01A0h-01EFh,0220h-026Fh,02A0h-02EFh,0320h-036Fh,03A0h-03EFh,0420h-046Fh,04A0h-04EFh,0520h-056Fh,05A0h-05EFh,0620h-064Fh \
  -AABS1=020h-07Fh,0A0h-0EFh,0120h-016Fh,01A0h-01EFh,0220h-026Fh,02A0h-02EFh,0320h-036Fh,03A0h-03EFh,0420h-046Fh,04A0h-04EFh,0520h-056Fh,05A0h-05EFh,0620h-064Fh \
  -ASFR0=00h-01Fh -ASFR1=080h-09Fh -ASFR2=0100h-011Fh -ASFR3=0180h-019Fh \
  -ASFR4=0200h-021Fh -ASFR5=0280h-029Fh -ASFR6=0300h-031Fh \
  -ASFR7=0380h-039Fh -ASFR8=0400h-041Fh -ASFR9=0480h-049Fh \
  -ASFR10=0500h-051Fh -ASFR11=0580h-059Fh -ASFR12=0600h-061Fh \
  -ASFR13=0680h-06EFh -ASFR14=0700h-076Fh -ASFR15=0780h-07EFh \
  -ASFR16=0800h-086Fh -ASFR17=0880h-08EFh -ASFR18=0900h-096Fh \
  -ASFR19=0980h-09EFh -ASFR20=0A00h-0A6Fh -ASFR21=0A80h-0AEFh \
  -ASFR22=0B00h-0B6Fh -ASFR23=0B80h-0BEFh -ASFR24=0C00h-0C6Fh \
  -ASFR25=0C80h-0CEFh -ASFR26=0D00h-0D6Fh -ASFR27=0D80h-0DEFh \
  -ASFR28=0E00h-0E6Fh -ASFR29=0E80h-0EEFh -ASFR30=0F00h-0F6Fh \
  -ASFR31=0F80h-0FEFh -ACONFIG=08007h-0800Ah -DCONFIG=2 \
  -AIDLOC=08000h-08003h -DIDLOC=2 -AEEDATA=00h-0FFh/0F000h \
  -peeprom_data=EEDATA -DEEDATA=2 -DCODE=2 -DSTRCODE=2 -DSTRING=2 -DCONST=2 \
  -DENTRY=2 -preset_vec=00h,intentry=04h,init,end_init -ppowerup=CODE \
  -pcinit=CODE -pfunctab=ENTRY -k C:\Users\Saimon\AppData\Local\Temp\sr8g.o \
  dist/Release/production\I2CEncoderV2.1.X.production.o 

Object code version is 3.11

Machine type is 16F18345



                Name                               Link     Load   Length Selector   Space Scale
C:\Users\Saimon\AppData\Local\Temp\sr8g.o
                end_init                             30       30        2        8       0
                reset_vec                             0        0        2        0       0
                config                             8007     8007        4        0       4
dist/Release/production\I2CEncoderV2.1.X.production.o
                cinit                                32       32      144        8       0
                intentry                              4        4       2C        8       0
                config                             8007     8007        4        0       4
                text85                             1162     1162       62     22C4       0
                text78                              D84      D84      27C     1B08       0
                swtext10                           1000     1000       E4     2000       0
                swtext9                            12BD     12BD        8     254A       0
                swtext8                            12B5     12B5        8     254A       0
                text69                              6EE      6EE       E6      DDC       0
                swtext7                            12AD     12AD        8     254A       0
                text63                             16C9     16C9      137     2D92       0
                text60                             11C4     11C4       48     22C4       0
                text59                             1236     1236       14     22C4       0
                text58                             126C     126C       11     22C4       0
                text54                             125B     125B       11     22C4       0
                text53                             124A     124A       11     22C4       0
                text52                             1222     1222       14     22C4       0
                text51                              801      801       1C     1002       0
                swtext6                            1100     1100       62     2200       0
                text50                              B0A      B0A      27A     1614       0
                swtext5                            12A5     12A5        8     254A       0
                text48                             15B6     15B6      113     2B6C       0
                text45                              7D4      7D4       1D      DDC       0
                swtext4                             7F1      7F1        E      FE2       0
                text37                             1349     1349       95     2692       0
                text32                              81D      81D       74     103A       0
                text27                             13DE     13DE       97     27BC       0
                text24                             1475     1475       9F     28EA       0
                text23                             1514     1514       A2     2A28       0
                swtext3                            10F4     10F4        8     2000       0
                swtext2                            10EC     10EC        8     2000       0
                swtext1                            10E4     10E4        8     2000       0
                text17                              891      891      279     1122       0
                text14                             128D     128D       10     22C4       0
                text13                             127D     127D       10     22C4       0
                text6                              129D     129D        8     22C4       0
                text5                              120C     120C       16     22C4       0
                text2                              12CE     12CE        3     258A       0
                text1                              12CB     12CB        3     258A       0
                cstackBANK0                          4C       4C       14       20       1
                cstackCOMMON                         70       70        E       70       1
                cstackBANK1                          CA       CA       10       A0       1
                clrtext                            12C5     12C5        6     258A       0
                dataBANK1                            DA       DA        1       A0       1
                bssBANK1                             A0       A0       2A       A0       1
                bssBANK0                             20       20       2C       20       1
                stringtext1                         176      176      578      2EC       0

TOTAL           Name                               Link     Load   Length     Space
        CLASS   STACK          

        CLASS   CODE           
                end_init                             30       30        2         0
                cinit                                32       32      144         0
                intentry                              4        4       2C         0
                reset_vec                             0        0        2         0
                text85                             1162     1162       62         0
                text78                              D84      D84      27C         0
                text69                              6EE      6EE       E6         0
                text63                             16C9     16C9      137         0
                text60                             11C4     11C4       48         0
                text59                             1236     1236       14         0
                text58                             126C     126C       11         0
                text54                             125B     125B       11         0
                text53                             124A     124A       11         0
                text52                             1222     1222       14         0
                text51                              801      801       1C         0
                text50                              B0A      B0A      27A         0
                text48                             15B6     15B6      113         0
                text45                              7D4      7D4       1D         0
                text37                             1349     1349       95         0
                text32                              81D      81D       74         0
                text27                             13DE     13DE       97         0
                text24                             1475     1475       9F         0
                text23                             1514     1514       A2         0
                text17                              891      891      279         0
                text14                             128D     128D       10         0
                text13                             127D     127D       10         0
                text6                              129D     129D        8         0
                text5                              120C     120C       16         0
                text2                              12CE     12CE        3         0
                text1                              12CB     12CB        3         0
                clrtext                            12C5     12C5        6         0

        CLASS   STRCODE        
                stringtext1                         176      176      578         0

        CLASS   STRING         

        CLASS   CONST          
                swtext10                           1000     1000       E4         0
                swtext9                            12BD     12BD        8         0
                swtext8                            12B5     12B5        8         0
                swtext7                            12AD     12AD        8         0
                swtext6                            1100     1100       62         0
                swtext5                            12A5     12A5        8         0
                swtext4                             7F1      7F1        E         0
                swtext3                            10F4     10F4        8         0
                swtext2                            10EC     10EC        8         0
                swtext1                            10E4     10E4        8         0

        CLASS   ENTRY          

        CLASS   COMMON         
                cstackCOMMON                         70       70        E         1

        CLASS   BANK0          
                cstackBANK0                          4C       4C       14         1
                bssBANK0                             20       20       2C         1

        CLASS   BANK1          
                cstackBANK1                          CA       CA       10         1
                dataBANK1                            DA       DA        1         1
                bssBANK1                             A0       A0       2A         1

        CLASS   BANK2          

        CLASS   BANK3          

        CLASS   BANK4          

        CLASS   BANK5          

        CLASS   BANK6          

        CLASS   BANK7          

        CLASS   BANK8          

        CLASS   BANK9          

        CLASS   BANK10         

        CLASS   BANK11         

        CLASS   BANK12         

        CLASS   BIGRAM         

        CLASS   RAM            

        CLASS   ABS1           
                abs_s1                               7E       7E        2         1

        CLASS   SFR0           

        CLASS   SFR1           

        CLASS   SFR2           

        CLASS   SFR3           

        CLASS   SFR4           

        CLASS   SFR5           

        CLASS   SFR6           

        CLASS   SFR7           

        CLASS   SFR8           

        CLASS   SFR9           

        CLASS   SFR10          

        CLASS   SFR11          

        CLASS   SFR12          

        CLASS   SFR13          

        CLASS   SFR14          

        CLASS   SFR15          

        CLASS   SFR16          

        CLASS   SFR17          

        CLASS   SFR18          

        CLASS   SFR19          

        CLASS   SFR20          

        CLASS   SFR21          

        CLASS   SFR22          

        CLASS   SFR23          

        CLASS   SFR24          

        CLASS   SFR25          

        CLASS   SFR26          

        CLASS   SFR27          

        CLASS   SFR28          

        CLASS   SFR29          

        CLASS   SFR30          

        CLASS   SFR31          

        CLASS   CONFIG         
                config                             8007     8007        4         4

        CLASS   IDLOC          

        CLASS   EEDATA         

        CLASS   BANK31         

        CLASS   BANK30         

        CLASS   BANK29         

        CLASS   BANK28         

        CLASS   BANK27         

        CLASS   BANK26         

        CLASS   BANK25         

        CLASS   BANK24         

        CLASS   BANK23         

        CLASS   BANK22         

        CLASS   BANK21         

        CLASS   BANK20         

        CLASS   BANK19         

        CLASS   BANK18         

        CLASS   BANK17         

        CLASS   BANK16         

        CLASS   BANK15         

        CLASS   BANK14         

        CLASS   BANK13         



SEGMENTS        Name                           Load    Length   Top    Selector   Space  Class     Delta

                reset_vec                      000000  000002  000002         0       0  CODE        2
                intentry                       000004  000172  000176         8       0  CODE        2
                bssBANK0                       000020  000040  000060        20       1  BANK0       1
                cstackCOMMON                   000070  00000E  00007E        70       1  COMMON      1
                bssBANK1                       0000A0  00003B  0000DB        A0       1  BANK1       1
                stringtext1                    000176  000578  0006EE       2EC       0  STRCODE     2
                text69                         0006EE  000103  0007F1       DDC       0  CODE        2
                swtext4                        0007F1  00000E  0007FF       FE2       0  CONST       2
                text51                         000801  00001C  00081D      1002       0  CODE        2
                text32                         00081D  000074  000891      103A       0  CODE        2
                text17                         000891  000279  000B0A      1122       0  CODE        2
                text50                         000B0A  00027A  000D84      1614       0  CODE        2
                text78                         000D84  00027C  001000      1B08       0  CODE        2
                swtext10                       001000  0000FC  0010FC      2000       0  CONST       2
                swtext6                        001100  000062  001162      2200       0  CONST       2
                text85                         001162  000143  0012A5      22C4       0  CODE        2
                swtext5                        0012A5  000020  0012C5      254A       0  CONST       2
                clrtext                        0012C5  00000C  0012D1      258A       0  CODE        2
                text37                         001349  000095  0013DE      2692       0  CODE        2
                text27                         0013DE  000097  001475      27BC       0  CODE        2
                text24                         001475  00009F  001514      28EA       0  CODE        2
                text23                         001514  0000A2  0015B6      2A28       0  CODE        2
                text48                         0015B6  000113  0016C9      2B6C       0  CODE        2
                text63                         0016C9  000137  001800      2D92       0  CODE        2


UNUSED ADDRESS RANGES

        Name                Unused          Largest block    Delta
        BANK0            00060-0006F              10           1
        BANK1            000DB-000EF              15           1
        BANK10           00520-0056F              50           1
        BANK11           005A0-005EF              50           1
        BANK12           00620-0064F              30           1
        BANK2            00120-0016F              50           1
        BANK3            001A0-001EF              50           1
        BANK4            00220-0026F              50           1
        BANK5            002A0-002EF              50           1
        BANK6            00320-0036F              50           1
        BANK7            003A0-003EF              50           1
        BANK8            00420-0046F              50           1
        BANK9            004A0-004EF              50           1
        BIGRAM           02000-023EF             3F0           1
        CODE             00002-00003               2           2
                         007FF-00800               1
                         010FC-010FF               4
                         012D1-01348              78
                         01800-01FFF             800
        CONST            00002-00003               2           2
                         007FF-00800               1
                         010FC-010FF               4
                         012D1-01348              2F
                         01800-01FFF             100
        EEDATA           0F000-0F0FF             100           2
        ENTRY            00002-00003               2           2
                         007FF-00800               1
                         010FC-010FF               4
                         012D1-01348              2F
                         01800-01FFF             100
        IDLOC            08000-08003               4           2
        RAM              00060-0006F              10           1
                         000DB-000EF              15
                         00120-0016F              50
                         001A0-001EF              50
                         00220-0026F              50
                         002A0-002EF              50
                         00320-0036F              50
                         003A0-003EF              50
                         00420-0046F              50
                         004A0-004EF              50
                         00520-0056F              50
                         005A0-005EF              50
                         00620-0064F              30
        SFR0             00000-0001F              20           1
        SFR1             00080-0009F              20           1
        SFR10            00500-0051F              20           1
        SFR11            00580-0059F              20           1
        SFR12            00600-0061F              20           1
        SFR13            00680-006EF              70           1
        SFR14            00700-0076F              70           1
        SFR15            00780-007EF              70           1
        SFR16            00800-0086F              70           1
        SFR17            00880-008EF              70           1
        SFR18            00900-0096F              70           1
        SFR19            00980-009EF              70           1
        SFR2             00100-0011F              20           1
        SFR20            00A00-00A6F              70           1
        SFR21            00A80-00AEF              70           1
        SFR22            00B00-00B6F              70           1
        SFR23            00B80-00BEF              70           1
        SFR24            00C00-00C6F              70           1
        SFR25            00C80-00CEF              70           1
        SFR26            00D00-00D6F              70           1
        SFR27            00D80-00DEF              70           1
        SFR28            00E00-00E6F              70           1
        SFR29            00E80-00EEF              70           1
        SFR3             00180-0019F              20           1
        SFR30            00F00-00F6F              70           1
        SFR31            00F80-00FEF              70           1
        SFR4             00200-0021F              20           1
        SFR5             00280-0029F              20           1
        SFR6             00300-0031F              20           1
        SFR7             00380-0039F              20           1
        SFR8             00400-0041F              20           1
        SFR9             00480-0049F              20           1
        STACK            0208B-023EF             365           1
        STRCODE          00002-00003               2           2
                         007FF-00800               2
                         010FC-010FF               4
                         012D1-01348              78
                         01800-01FFF             800
        STRING           00002-00003               2           2
                         007FF-00800               1
                         010FC-010FF               4
                         012D1-01348              2F
                         01800-01FFF             100

                                  Symbol Table

?_ADC_GetConversion                      cstackBANK1  000CA
?___fladd                                cstackCOMMON 00070
?___flsub                                cstackBANK0  00054
?___wmul                                 cstackBANK1  000CA
?i1___wmul                               cstackCOMMON 00070
ADC_GetConversion@channel                cstackBANK1  000CD
EncoderStatusUpdate@stat                 cstackBANK1  000CA
EncoderSwitch_GetValueFiltered@pb_status bssBANK1     000AA
FadeProcessClear@stat                    cstackBANK1  000CC
FadeProcessSet@stat                      cstackBANK1  000CA
I2C1_ISR@i2c_data                        cstackBANK0  00052
I2C1_StatusCallback@i2c_bus_state        cstackBANK0  00051
I2C1_StatusCallback@slaveWriteType       bssBANK1     000B3
Int2StatusUpdate@stat                    cstackBANK1  000CB
PWM_BLED@duty                            cstackBANK1  000D6
PWM_GLED@duty                            cstackBANK1  000D6
PWM_GP1@duty                             cstackBANK1  000D8
PWM_GP2@duty                             cstackBANK1  000D6
PWM_GP3_RLED@duty                        cstackBANK1  000D6
RegisterRead@add                         cstackCOMMON 00071
RegisterRead@return_value                cstackCOMMON 00072
RegisterWrite@add                        cstackBANK0  00050
RegisterWrite@data                       cstackBANK0  0004F
TMR0_Reload@periodVal                    cstackCOMMON 00070
TMR3_WriteTimer@timerVal                 cstackCOMMON 00070
_ADACT                                   (abs)        0009F
_ADCON0                                  (abs)        0009D
_ADCON0bits                              (abs)        0009D
_ADCON1                                  (abs)        0009E
_ADC_GetConversion                       text17       00997
_ADC_Initialize                          text17       009B2
_ADRESH                                  (abs)        0009C
_ADRESL                                  (abs)        0009B
_ANSELA                                  (abs)        0018C
_ANSELB                                  (abs)        0018D
_ANSELC                                  (abs)        0018E
_ANSELCbits                              (abs)        0018E
_ANTBOUNC                                bssBANK1     000C5
_BLED                                    bssBANK0     00043
_CCP1CON                                 (abs)        00293
_CCP2CON                                 (abs)        00297
_CCP3CON                                 (abs)        00313
_CCP4CON                                 (abs)        00317
_CCPR1                                   (abs)        00291
_CCPR1H                                  (abs)        00292
_CCPR1L                                  (abs)        00291
_CCPR2                                   (abs)        00295
_CCPR2H                                  (abs)        00296
_CCPR2L                                  (abs)        00295
_CCPR3                                   (abs)        00311
_CCPR3H                                  (abs)        00312
_CCPR3L                                  (abs)        00311
_CCPR4                                   (abs)        00315
_CCPR4H                                  (abs)        00316
_CCPR4L                                  (abs)        00315
_CCPTMRSbits                             (abs)        0029F
_CLC1CON                                 (abs)        00F10
_CLC1GLS0                                (abs)        00F16
_CLC1GLS1                                (abs)        00F17
_CLC1GLS2                                (abs)        00F18
_CLC1GLS3                                (abs)        00F19
_CLC1POL                                 (abs)        00F11
_CLC1SEL0                                (abs)        00F12
_CLC1SEL1                                (abs)        00F13
_CLC1SEL2                                (abs)        00F14
_CLC1SEL3                                (abs)        00F15
_CLC1_ISR                                text78       00D88
_CLC1_Initialize                         cinit        000C9
_CLC2CON                                 (abs)        00F1A
_CLC2GLS0                                (abs)        00F20
_CLC2GLS1                                (abs)        00F21
_CLC2GLS2                                (abs)        00F22
_CLC2GLS3                                (abs)        00F23
_CLC2POL                                 (abs)        00F1B
_CLC2SEL0                                (abs)        00F1C
_CLC2SEL1                                (abs)        00F1D
_CLC2SEL2                                (abs)        00F1E
_CLC2SEL3                                (abs)        00F1F
_CLC2_ISR                                text78       00D84
_CLC2_Initialize                         cinit        000E0
_CLC3CON                                 (abs)        00F24
_CLC3GLS0                                (abs)        00F2A
_CLC3GLS1                                (abs)        00F2B
_CLC3GLS2                                (abs)        00F2C
_CLC3GLS3                                (abs)        00F2D
_CLC3POL                                 (abs)        00F25
_CLC3SEL0                                (abs)        00F26
_CLC3SEL1                                (abs)        00F27
_CLC3SEL2                                (abs)        00F28
_CLC3SEL3                                (abs)        00F29
_CLC3_Initialize                         text14       0128D
_CLC4CON                                 (abs)        00F2E
_CLC4GLS0                                (abs)        00F34
_CLC4GLS1                                (abs)        00F35
_CLC4GLS2                                (abs)        00F36
_CLC4GLS3                                (abs)        00F37
_CLC4POL                                 (abs)        00F2F
_CLC4SEL0                                (abs)        00F30
_CLC4SEL1                                (abs)        00F31
_CLC4SEL2                                (abs)        00F32
_CLC4SEL3                                (abs)        00F33
_CLC4_Initialize                         text13       0127D
_CLCIN2PPSbits                           (abs)        00E2A
_CLCIN3PPSbits                           (abs)        00E2B
_CMAX                                    bssBANK0     00028
_CMIN                                    bssBANK0     00024
_CPUDOZEbits                             (abs)        00918
_CVAL                                    bssBANK0     0002C
_C_DIRE                                  bssBANK1     000BD
_C_DTYPE                                 bssBANK1     000BC
_C_ETYPE                                 bssBANK0     00039
_C_IPUD                                  bssBANK1     000BE
_C_MBANK                                 bssBANK1     000C0
_C_RESET                                 bssBANK1     000C1
_C_RMOD                                  bssBANK1     000BF
_C_WRAPE                                 bssBANK0     00038
_ClearInterrupt                          cinit        00069
_Config_GP1                              text50       00C46
_Config_GP2                              text69       006EE
_Config_GP3                              text63       01701
_DEBOUNCE                                bssBANK1     000A6
_DPPERIOD                                bssBANK1     000C4
_DataInitSet                             cinit        0006C
_DoublePush                              bssBANK1     000A4
_ESTATUS                                 bssBANK0     0004A
_EncoderReg                              bssBANK1     000B6
_EncoderStatusUpdate                     text17       00AC3
_EncoderSwitch_GetValue                  text37       013D1
_EncoderSwitch_GetValueFiltered          text37       013B5
_Encoder_AB_Interrupt                    text78       00D8C
_Encoder_FSM                             cinit        000AB
_Encoder_PushButton_FSM                  text37       01349
_FADEGP                                  bssBANK0     0003F
_FADERGB                                 bssBANK1     000C3
_FADE_GP1                                text17       00ADC
_FADE_GP2                                text24       01475
_FADE_GP3                                text23       01514
_FADE_LEDS                               text17       009BA
_FSTATUS                                 bssBANK1     000C6
_FadeProcessClear                        text17       00A36
_FadeProcessSet                          text17       00A3E
_FirstConfig                             text50       00BF7
_FirstDataSplit                          text60       011C4
_GAMMABLED                               bssBANK0     0003A
_GAMMAGLED                               bssBANK0     0003B
_GAMMAGP1                                bssBANK0     0003E
_GAMMAGP2                                bssBANK0     0003D
_GAMMAGP3_RLED                           bssBANK0     0003C
_GCONF                                   bssBANK0     00049
_GCONF2                                  bssBANK1     000C2
_GLED                                    bssBANK0     00044
_GP1CONF                                 bssBANK0     00048
_GP1REG                                  bssBANK0     00042
_GP1_FSM                                 text17       008AF
_GP2CONF                                 bssBANK0     00047
_GP2REG                                  bssBANK0     00041
_GP2_FSM                                 text17       008FA
_GP3CONF                                 bssBANK0     00046
_GP3REG                                  bssBANK0     00040
_GP3_FSM                                 text17       00947
_GP_Ports_FSM                            text17       00891
_I2C1_AddressSet                         cinit        000F8
_I2C1_ISR                                text48       015B6
_I2C1_Initialize                         cinit        0010B
_I2C1_Initialize_ClockStreach            text59       01236
_I2C1_StatusCallback                     text48       015D2
_I2C1_slaveWriteData                     dataBANK1    000DA
_I2STATUS                                bssBANK1     000C7
_INTCONF                                 bssBANK1     000C9
_INTCONbits                              (abs)        0000B
_INTERRUPT_InterruptManager              intentry     00004
_ISTEP                                   bssBANK0     00020
_Int2StatusUpdate                        text17       00ABE
_LATA                                    (abs)        0010C
_LATB                                    (abs)        0010D
_LATBbits                                (abs)        0010D
_LATC                                    (abs)        0010E
_LATCbits                                (abs)        0010E
_NVMADRH                                 (abs)        00892
_NVMADRL                                 (abs)        00891
_NVMCON1bits                             (abs)        00895
_NVMCON2                                 (abs)        00896
_NVMDATH                                 (abs)        00894
_NVMDATL                                 (abs)        00893
_ODCONA                                  (abs)        0028C
_ODCONB                                  (abs)        0028D
_ODCONC                                  (abs)        0028E
_ODCONCbits                              (abs)        0028E
_OSCCON1                                 (abs)        00919
_OSCCON3                                 (abs)        0091B
_OSCEN                                   (abs)        0091D
_OSCFRQ                                  (abs)        0091F
_OSCILLATOR_Initialize                   cinit        0011C
_OSCTUNE                                 (abs)        0091E
_PIE1bits                                (abs)        00091
_PIE3bits                                (abs)        00093
_PIN_MANAGER_Initialize                  cinit        00125
_PIR0bits                                (abs)        00010
_PIR1bits                                (abs)        00011
_PIR3bits                                (abs)        00013
_PMD0                                    (abs)        00911
_PMD1                                    (abs)        00912
_PMD2                                    (abs)        00913
_PMD2bits                                (abs)        00913
_PMD3                                    (abs)        00914
_PMD4                                    (abs)        00915
_PMD5                                    (abs)        00916
_PMD_Initialize                          cinit        0015B
_PORTAbits                               (abs)        0000C
_PORTBbits                               (abs)        0000D
_PORTC                                   (abs)        0000E
_PORTCbits                               (abs)        0000E
_PPSLOCK                                 (abs)        00E0F
_PPSLOCKbits                             (abs)        00E0F
_PR2                                     (abs)        0001E
_PWM1_Initialize                         text63       01770
_PWM2_Initialize                         text63       017E8
_PWM3_Initialize                         text63       017F3
_PWM4_Initialize                         text69       0075D
_PWM5CON                                 (abs)        00619
_PWM5DCH                                 (abs)        00618
_PWM5DCL                                 (abs)        00617
_PWM5_Initialize                         text50       00CB5
_PWMTMRSbits                             (abs)        0061F
_PWM_BLED                                text32       0081D
_PWM_GLED                                text17       00A42
_PWM_GP1                                 text27       013DE
_PWM_GP2                                 text24       014A3
_PWM_GP3_RLED                            text23       01542
_RB6PPSbits                              (abs)        00E9E
_RB7PPSbits                              (abs)        00E9F
_RC3PPSbits                              (abs)        00EA3
_RC4PPSbits                              (abs)        00EA4
_RC5PPSbits                              (abs)        00EA5
_RC6PPSbits                              (abs)        00EA6
_RC7PPSbits                              (abs)        00EA7
_RGB_EncoderMode                         text63       016C9
_RLED                                    bssBANK0     00045
_RegisterRead                            text48       01605
_RegisterWrite                           text50       00B0A
_SSP1ADD                                 (abs)        00212
_SSP1BUF                                 (abs)        00211
_SSP1CLKPPSbits                          (abs)        00E20
_SSP1CON1                                (abs)        00215
_SSP1CON1bits                            (abs)        00215
_SSP1CON2                                (abs)        00216
_SSP1CON2bits                            (abs)        00216
_SSP1CON3                                (abs)        00217
_SSP1DATPPSbits                          (abs)        00E21
_SSP1MSK                                 (abs)        00213
_SSP1STAT                                (abs)        00214
_SSP1STATbits                            (abs)        00214
_STATUSbits                              (abs)        00003
_STD_EncoderMode                         text50       00D63
_SYSTEM_Initialize                       cinit        000B0
_S_CKSRC                                 bssBANK1     000BB
_S_RELATIVE                              bssBANK0     00037
_SecondConfig                            text50       00C3A
_SecondDataSplit                         text50       00D7A
_SetInterrupt                            text17       00AB5
_T0CON0                                  (abs)        00017
_T0CON0bits                              (abs)        00017
_T0CON1                                  (abs)        00018
_T2CON                                   (abs)        0001F
_T3CON                                   (abs)        00413
_T3CONbits                               (abs)        00413
_T3GCON                                  (abs)        00414
_TMR0H                                   (abs)        00016
_TMR0L                                   (abs)        00015
_TMR0_Initialize                         cinit        00169
_TMR0_Reload                             text50       00C42
_TMR0_StartTimer                         text2        012CE
_TMR2                                    (abs)        0001D
_TMR2_Initialize                         text6        0129D
_TMR3H                                   (abs)        00412
_TMR3L                                   (abs)        00411
_TMR3_ISR                                text45       007D4
_TMR3_Initialize                         text5        0120C
_TMR3_StartTimer                         text1        012CB
_TMR3_WriteTimer                         text45       007DE
_TRISA                                   (abs)        0008C
_TRISB                                   (abs)        0008D
_TRISC                                   (abs)        0008E
_TRISCbits                               (abs)        0008E
_TimerInt                                text45       007ED
_UpdateOut_GP1                           text54       0125B
_UpdateOut_GP2                           text53       0124A
_UpdateOut_GP3                           text52       01222
_WDTCON                                  (abs)        00097
_WDT_Initialize                          cinit        00172
_WPUA                                    (abs)        0020C
_WPUB                                    (abs)        0020D
_WPUBbits                                (abs)        0020D
_WPUC                                    (abs)        0020E
_WPUCbits                                (abs)        0020E
_X1_n                                    bssBANK1     000B9
_X1_p                                    bssBANK1     000BA
_X2_n                                    bssBANK1     000B7
_X2_p                                    bssBANK1     000B8
__Habs1                                  abs1         00000
__Hbank0                                 bank0        00000
__Hbank1                                 bank1        00000
__Hbank10                                bank10       00000
__Hbank11                                bank11       00000
__Hbank12                                bank12       00000
__Hbank13                                bank13       00000
__Hbank14                                bank14       00000
__Hbank15                                bank15       00000
__Hbank16                                bank16       00000
__Hbank17                                bank17       00000
__Hbank18                                bank18       00000
__Hbank19                                bank19       00000
__Hbank2                                 bank2        00000
__Hbank20                                bank20       00000
__Hbank21                                bank21       00000
__Hbank22                                bank22       00000
__Hbank23                                bank23       00000
__Hbank24                                bank24       00000
__Hbank25                                bank25       00000
__Hbank26                                bank26       00000
__Hbank27                                bank27       00000
__Hbank28                                bank28       00000
__Hbank29                                bank29       00000
__Hbank3                                 bank3        00000
__Hbank30                                bank30       00000
__Hbank31                                bank31       00000
__Hbank4                                 bank4        00000
__Hbank5                                 bank5        00000
__Hbank6                                 bank6        00000
__Hbank7                                 bank7        00000
__Hbank8                                 bank8        00000
__Hbank9                                 bank9        00000
__Hbigram                                bigram       00000
__HbssBANK0                              bssBANK0     00000
__HbssBANK1                              bssBANK1     00000
__Hcinit                                 cinit        00176
__Hclrtext                               clrtext      00000
__Hcode                                  code         00000
__Hcommon                                common       00000
__Hconfig                                config       0800B
__HcstackBANK0                           cstackBANK0  00000
__HcstackBANK1                           cstackBANK1  00000
__HcstackCOMMON                          cstackCOMMON 00000
__HdataBANK1                             dataBANK1    00000
__Heeprom_data                           eeprom_data  00000
__Hend_init                              end_init     00032
__Hfunctab                               functab      00000
__HidataBANK1                            idataBANK1   00000
__Hinit                                  init         00030
__Hintentry                              intentry     00030
__Hmaintext                              maintext     00000
__Hpowerup                               powerup      00000
__Hram                                   ram          00000
__Hreset_vec                             reset_vec    00002
__Hsfr0                                  sfr0         00000
__Hsfr1                                  sfr1         00000
__Hsfr10                                 sfr10        00000
__Hsfr11                                 sfr11        00000
__Hsfr12                                 sfr12        00000
__Hsfr13                                 sfr13        00000
__Hsfr14                                 sfr14        00000
__Hsfr15                                 sfr15        00000
__Hsfr16                                 sfr16        00000
__Hsfr17                                 sfr17        00000
__Hsfr18                                 sfr18        00000
__Hsfr19                                 sfr19        00000
__Hsfr2                                  sfr2         00000
__Hsfr20                                 sfr20        00000
__Hsfr21                                 sfr21        00000
__Hsfr22                                 sfr22        00000
__Hsfr23                                 sfr23        00000
__Hsfr24                                 sfr24        00000
__Hsfr25                                 sfr25        00000
__Hsfr26                                 sfr26        00000
__Hsfr27                                 sfr27        00000
__Hsfr28                                 sfr28        00000
__Hsfr29                                 sfr29        00000
__Hsfr3                                  sfr3         00000
__Hsfr30                                 sfr30        00000
__Hsfr31                                 sfr31        00000
__Hsfr4                                  sfr4         00000
__Hsfr5                                  sfr5         00000
__Hsfr6                                  sfr6         00000
__Hsfr7                                  sfr7         00000
__Hsfr8                                  sfr8         00000
__Hsfr9                                  sfr9         00000
__Hspace_0                               (abs)        01800
__Hspace_1                               (abs)        000DB
__Hspace_2                               (abs)        00000
__Hspace_3                               (abs)        00000
__Hspace_4                               (abs)        10012
__Hstack                                 stack        00000
__Hstrings                               strings      00000
__Hstringtext1                           stringtext1  00000
__Htext                                  text         00000
__Labs1                                  abs1         00000
__Lbank0                                 bank0        00000
__Lbank1                                 bank1        00000
__Lbank10                                bank10       00000
__Lbank11                                bank11       00000
__Lbank12                                bank12       00000
__Lbank13                                bank13       00000
__Lbank14                                bank14       00000
__Lbank15                                bank15       00000
__Lbank16                                bank16       00000
__Lbank17                                bank17       00000
__Lbank18                                bank18       00000
__Lbank19                                bank19       00000
__Lbank2                                 bank2        00000
__Lbank20                                bank20       00000
__Lbank21                                bank21       00000
__Lbank22                                bank22       00000
__Lbank23                                bank23       00000
__Lbank24                                bank24       00000
__Lbank25                                bank25       00000
__Lbank26                                bank26       00000
__Lbank27                                bank27       00000
__Lbank28                                bank28       00000
__Lbank29                                bank29       00000
__Lbank3                                 bank3        00000
__Lbank30                                bank30       00000
__Lbank31                                bank31       00000
__Lbank4                                 bank4        00000
__Lbank5                                 bank5        00000
__Lbank6                                 bank6        00000
__Lbank7                                 bank7        00000
__Lbank8                                 bank8        00000
__Lbank9                                 bank9        00000
__Lbigram                                bigram       00000
__LbssBANK0                              bssBANK0     00000
__LbssBANK1                              bssBANK1     00000
__Lcinit                                 cinit        00032
__Lclrtext                               clrtext      00000
__Lcode                                  code         00000
__Lcommon                                common       00000
__Lconfig                                config       00000
__LcstackBANK0                           cstackBANK0  00000
__LcstackBANK1                           cstackBANK1  00000
__LcstackCOMMON                          cstackCOMMON 00000
__LdataBANK1                             dataBANK1    00000
__Leeprom_data                           eeprom_data  00000
__Lend_init                              end_init     00030
__Lfunctab                               functab      00000
__LidataBANK1                            idataBANK1   00000
__Linit                                  init         00030
__Lintentry                              intentry     00004
__Lmaintext                              maintext     00000
__Lpowerup                               powerup      00000
__Lram                                   ram          00000
__Lreset_vec                             reset_vec    00000
__Lsfr0                                  sfr0         00000
__Lsfr1                                  sfr1         00000
__Lsfr10                                 sfr10        00000
__Lsfr11                                 sfr11        00000
__Lsfr12                                 sfr12        00000
__Lsfr13                                 sfr13        00000
__Lsfr14                                 sfr14        00000
__Lsfr15                                 sfr15        00000
__Lsfr16                                 sfr16        00000
__Lsfr17                                 sfr17        00000
__Lsfr18                                 sfr18        00000
__Lsfr19                                 sfr19        00000
__Lsfr2                                  sfr2         00000
__Lsfr20                                 sfr20        00000
__Lsfr21                                 sfr21        00000
__Lsfr22                                 sfr22        00000
__Lsfr23                                 sfr23        00000
__Lsfr24                                 sfr24        00000
__Lsfr25                                 sfr25        00000
__Lsfr26                                 sfr26        00000
__Lsfr27                                 sfr27        00000
__Lsfr28                                 sfr28        00000
__Lsfr29                                 sfr29        00000
__Lsfr3                                  sfr3         00000
__Lsfr30                                 sfr30        00000
__Lsfr31                                 sfr31        00000
__Lsfr4                                  sfr4         00000
__Lsfr5                                  sfr5         00000
__Lsfr6                                  sfr6         00000
__Lsfr7                                  sfr7         00000
__Lsfr8                                  sfr8         00000
__Lsfr9                                  sfr9         00000
__Lspace_0                               (abs)        00000
__Lspace_1                               (abs)        00000
__Lspace_2                               (abs)        00000
__Lspace_3                               (abs)        00000
__Lspace_4                               (abs)        00000
__Lstack                                 stack        00000
__Lstrings                               strings      00000
__Lstringtext1                           stringtext1  00000
__Ltext                                  text         00000
__S0                                     (abs)        01800
__S1                                     (abs)        000DB
__S2                                     (abs)        00000
__S3                                     (abs)        00000
___fladd                                 text78       00E8B
___fladd@a                               cstackCOMMON 00074
___fladd@aexp                            cstackCOMMON 00079
___fladd@b                               cstackCOMMON 00070
___fladd@bexp                            cstackCOMMON 0007A
___fladd@grs                             cstackCOMMON 0007B
___fladd@signs                           cstackCOMMON 00078
___flge                                  text85       01162
___flge@ff1                              cstackCOMMON 00070
___flge@ff2                              cstackCOMMON 00074
___flsub                                 text78       00FDA
___flsub@a                               cstackBANK0  00054
___flsub@b                               cstackBANK0  00058
___int_sp                                stack        00000
___latbits                               (abs)        00002
___sp                                    stack        00000
___stackhi                               (abs)        023EF
___stacklo                               (abs)        0208B
___wmul                                  text17       00AC7
___wmul@multiplicand                     cstackBANK1  000CC
___wmul@multiplier                       cstackBANK1  000CA
___wmul@product                          cstackBANK1  000CE
__end_of_ADC_GetConversion               text17       009B2
__end_of_ADC_Initialize                  text17       009BA
__end_of_CLC1_ISR                        text78       00D8C
__end_of_CLC1_Initialize                 cinit        000E0
__end_of_CLC2_ISR                        text78       00D88
__end_of_CLC2_Initialize                 cinit        000F8
__end_of_CLC3_Initialize                 text14       0129D
__end_of_CLC4_Initialize                 text13       0128D
__end_of_ClearInterrupt                  cinit        0006C
__end_of_Config_GP1                      text50       00CB5
__end_of_Config_GP2                      text69       0075D
__end_of_Config_GP3                      text63       01770
__end_of_DataInitSet                     cinit        000AB
__end_of_EncoderStatusUpdate             text17       00AC7
__end_of_EncoderSwitch_GetValue          text37       013DE
__end_of_EncoderSwitch_GetValueFiltered  text37       013D1
__end_of_Encoder_AB_Interrupt            text78       00E88
__end_of_Encoder_FSM                     cinit        000B0
__end_of_Encoder_PushButton_FSM          text37       013B5
__end_of_FADE_GP1                        text17       00B0A
__end_of_FADE_GP2                        text24       014A3
__end_of_FADE_GP3                        text23       01542
__end_of_FADE_LEDS                       text17       00A36
__end_of_FadeProcessClear                text17       00A3E
__end_of_FadeProcessSet                  text17       00A42
__end_of_FirstConfig                     text50       00C3A
__end_of_FirstDataSplit                  text60       0120C
__end_of_GP1_FSM                         text17       008FA
__end_of_GP2_FSM                         text17       00947
__end_of_GP3_FSM                         text17       00997
__end_of_GP_Ports_FSM                    text17       008AF
__end_of_I2C1_AddressSet                 cinit        0010B
__end_of_I2C1_ISR                        text48       015D2
__end_of_I2C1_Initialize                 cinit        0011C
__end_of_I2C1_Initialize_ClockStreach    text59       0124A
__end_of_I2C1_StatusCallback             text48       01605
__end_of_INTERRUPT_InterruptManager      intentry     00030
__end_of_Int2StatusUpdate                text17       00AC3
__end_of_OSCILLATOR_Initialize           cinit        00125
__end_of_PIN_MANAGER_Initialize          cinit        0015B
__end_of_PMD_Initialize                  cinit        00169
__end_of_PWM1_Initialize                 text63       0177C
__end_of_PWM2_Initialize                 text63       017F3
__end_of_PWM3_Initialize                 text63       01800
__end_of_PWM4_Initialize                 text69       0076A
__end_of_PWM5_Initialize                 text50       00CBF
__end_of_PWM_BLED                        text32       00891
__end_of_PWM_GLED                        text17       00AB5
__end_of_PWM_GP1                         text27       01475
__end_of_PWM_GP2                         text24       01514
__end_of_PWM_GP3_RLED                    text23       015B6
__end_of_RGB_EncoderMode                 text63       01701
__end_of_RegisterRead                    text48       016BA
__end_of_RegisterWrite                   text50       00BF7
__end_of_STD_EncoderMode                 text50       00D7A
__end_of_SYSTEM_Initialize               cinit        000C9
__end_of_SecondConfig                    text50       00C42
__end_of_SecondDataSplit                 text50       00D84
__end_of_SetInterrupt                    text17       00ABE
__end_of_TMR0_Initialize                 cinit        00172
__end_of_TMR0_Reload                     text50       00C46
__end_of_TMR0_StartTimer                 text2        012D1
__end_of_TMR2_Initialize                 text6        012A5
__end_of_TMR3_ISR                        text45       007DE
__end_of_TMR3_Initialize                 text5        01222
__end_of_TMR3_StartTimer                 text1        012CE
__end_of_TMR3_WriteTimer                 text45       007ED
__end_of_TimerInt                        text45       007F1
__end_of_UpdateOut_GP1                   text54       0126C
__end_of_UpdateOut_GP2                   text53       0125B
__end_of_UpdateOut_GP3                   text52       01236
__end_of_WDT_Initialize                  cinit        00176
__end_of___fladd                         text78       00FDA
__end_of___flge                          text85       011C4
__end_of___flsub                         text78       00FF7
__end_of___wmul                          text17       00ADC
__end_of__initialization                 cinit        00045
__end_of_eeprom_read                     text48       016C9
__end_of_eeprom_write                    text51       0081D
__end_of_gamma_table                     stringtext1  006EE
__end_of_main                            cinit        00069
__end_ofi1_EncoderStatusUpdate           text78       00E8B
__end_ofi1_I2C1_Initialize               text58       0127D
__end_ofi1_PWM_GP1                       text50       00D4E
__end_ofi1_PWM_GP2                       text69       007D4
__end_ofi1_PWM_GP3_RLED                  text63       017E8
__end_ofi1_SetInterrupt                  text78       01000
__end_ofi1___wmul                        text50       00D63
__initialization                         cinit        00032
__pbssBANK0                              bssBANK0     00020
__pbssBANK1                              bssBANK1     000A0
__pcstackBANK0                           cstackBANK0  0004C
__pcstackBANK1                           cstackBANK1  000CA
__pcstackCOMMON                          cstackCOMMON 00070
__pdataBANK1                             dataBANK1    000DA
__pidataBANK1                            idataBANK1   00000
__pintentry                              intentry     00004
__pmaintext                              cinit        00048
__pstringtext1                           stringtext1  00176
__pswtext1                               swtext1      010E4
__pswtext10                              swtext10     01000
__pswtext2                               swtext2      010EC
__pswtext3                               swtext3      010F4
__pswtext4                               swtext4      007F1
__pswtext5                               swtext5      012A5
__pswtext6                               swtext6      01100
__pswtext7                               swtext7      012AD
__pswtext8                               swtext8      012B5
__pswtext9                               swtext9      012BD
__ptext1                                 text1        012CB
__ptext10                                cinit        0011C
__ptext11                                cinit        0010B
__ptext12                                cinit        000F8
__ptext13                                text13       0127D
__ptext14                                text14       0128D
__ptext15                                cinit        000E0
__ptext16                                cinit        000C9
__ptext17                                text17       00891
__ptext18                                text17       00947
__ptext19                                text17       008FA
__ptext2                                 text2        012CE
__ptext20                                text17       008AF
__ptext21                                text17       009B2
__ptext22                                text17       00997
__ptext23                                text23       01514
__ptext24                                text24       01475
__ptext25                                text24       014A3
__ptext26                                text17       00ADC
__ptext27                                text27       013DE
__ptext28                                cinit        000AB
__ptext29                                text17       009BA
__ptext3                                 cinit        000B0
__ptext30                                text23       01542
__ptext31                                text17       00A42
__ptext32                                text32       0081D
__ptext33                                text17       00AC7
__ptext34                                text17       00A3E
__ptext35                                text17       00A36
__ptext36                                text17       00ABE
__ptext37                                text37       01349
__ptext38                                text17       00AB5
__ptext39                                text37       013B5
__ptext4                                 cinit        00172
__ptext40                                text37       013D1
__ptext41                                text17       00AC3
__ptext42                                cinit        0006C
__ptext43                                cinit        00069
__ptext45                                text45       007D4
__ptext46                                text45       007ED
__ptext47                                text45       007DE
__ptext48                                text48       015B6
__ptext49                                text48       015D2
__ptext5                                 text5        0120C
__ptext50                                text50       00B0A
__ptext51                                text51       00801
__ptext52                                text52       01222
__ptext53                                text53       0124A
__ptext54                                text54       0125B
__ptext55                                text50       00C42
__ptext56                                text50       00D7A
__ptext57                                text50       00C3A
__ptext58                                text58       0126C
__ptext59                                text59       01236
__ptext6                                 text6        0129D
__ptext60                                text60       011C4
__ptext61                                text50       00BF7
__ptext62                                text50       00D63
__ptext63                                text63       016C9
__ptext64                                text63       017F3
__ptext65                                text63       017E8
__ptext66                                text63       01701
__ptext67                                text63       0177C
__ptext68                                text63       01770
__ptext69                                text69       006EE
__ptext7                                 cinit        00169
__ptext70                                text69       0076A
__ptext71                                text69       0075D
__ptext72                                text50       00C46
__ptext73                                text50       00CBF
__ptext74                                text50       00D4E
__ptext75                                text50       00CB5
__ptext76                                text48       01605
__ptext77                                text48       016BA
__ptext78                                text78       00D84
__ptext79                                text78       00D88
__ptext8                                 cinit        0015B
__ptext80                                text78       00D8C
__ptext81                                text78       00FF7
__ptext82                                text78       00E88
__ptext83                                text78       00FDA
__ptext84                                text78       00E8B
__ptext85                                text85       01162
__ptext9                                 cinit        00125
__size_of_ADC_GetConversion              (abs)        00000
__size_of_ADC_Initialize                 (abs)        00000
__size_of_CLC1_ISR                       (abs)        00000
__size_of_CLC1_Initialize                (abs)        00000
__size_of_CLC2_ISR                       (abs)        00000
__size_of_CLC2_Initialize                (abs)        00000
__size_of_CLC3_Initialize                (abs)        00000
__size_of_CLC4_Initialize                (abs)        00000
__size_of_ClearInterrupt                 (abs)        00000
__size_of_Config_GP1                     (abs)        00000
__size_of_Config_GP2                     (abs)        00000
__size_of_Config_GP3                     (abs)        00000
__size_of_DataInitSet                    (abs)        00000
__size_of_EncoderStatusUpdate            (abs)        00000
__size_of_EncoderSwitch_GetValue         (abs)        00000
__size_of_EncoderSwitch_GetValueFiltered (abs)        00000
__size_of_Encoder_AB_Interrupt           (abs)        00000
__size_of_Encoder_FSM                    (abs)        00000
__size_of_Encoder_PushButton_FSM         (abs)        00000
__size_of_FADE_GP1                       (abs)        00000
__size_of_FADE_GP2                       (abs)        00000
__size_of_FADE_GP3                       (abs)        00000
__size_of_FADE_LEDS                      (abs)        00000
__size_of_FadeProcessClear               (abs)        00000
__size_of_FadeProcessSet                 (abs)        00000
__size_of_FirstConfig                    (abs)        00000
__size_of_FirstDataSplit                 (abs)        00000
__size_of_GP1_FSM                        (abs)        00000
__size_of_GP2_FSM                        (abs)        00000
__size_of_GP3_FSM                        (abs)        00000
__size_of_GP_Ports_FSM                   (abs)        00000
__size_of_I2C1_AddressSet                (abs)        00000
__size_of_I2C1_ISR                       (abs)        00000
__size_of_I2C1_Initialize                (abs)        00000
__size_of_I2C1_Initialize_ClockStreach   (abs)        00000
__size_of_I2C1_StatusCallback            (abs)        00000
__size_of_INTERRUPT_InterruptManager     (abs)        00000
__size_of_Int2StatusUpdate               (abs)        00000
__size_of_OSCILLATOR_Initialize          (abs)        00000
__size_of_PIN_MANAGER_Initialize         (abs)        00000
__size_of_PMD_Initialize                 (abs)        00000
__size_of_PWM1_Initialize                (abs)        00000
__size_of_PWM2_Initialize                (abs)        00000
__size_of_PWM3_Initialize                (abs)        00000
__size_of_PWM4_Initialize                (abs)        00000
__size_of_PWM5_Initialize                (abs)        00000
__size_of_PWM_BLED                       (abs)        00000
__size_of_PWM_GLED                       (abs)        00000
__size_of_PWM_GP1                        (abs)        00000
__size_of_PWM_GP2                        (abs)        00000
__size_of_PWM_GP3_RLED                   (abs)        00000
__size_of_RGB_EncoderMode                (abs)        00000
__size_of_RegisterRead                   (abs)        00000
__size_of_RegisterWrite                  (abs)        00000
__size_of_STD_EncoderMode                (abs)        00000
__size_of_SYSTEM_Initialize              (abs)        00000
__size_of_SecondConfig                   (abs)        00000
__size_of_SecondDataSplit                (abs)        00000
__size_of_SetInterrupt                   (abs)        00000
__size_of_TMR0_Initialize                (abs)        00000
__size_of_TMR0_Reload                    (abs)        00000
__size_of_TMR0_StartTimer                (abs)        00000
__size_of_TMR2_Initialize                (abs)        00000
__size_of_TMR3_ISR                       (abs)        00000
__size_of_TMR3_Initialize                (abs)        00000
__size_of_TMR3_StartTimer                (abs)        00000
__size_of_TMR3_WriteTimer                (abs)        00000
__size_of_TimerInt                       (abs)        00000
__size_of_UpdateOut_GP1                  (abs)        00000
__size_of_UpdateOut_GP2                  (abs)        00000
__size_of_UpdateOut_GP3                  (abs)        00000
__size_of_WDT_Initialize                 (abs)        00000
__size_of___fladd                        (abs)        00000
__size_of___flge                         (abs)        00000
__size_of___flsub                        (abs)        00000
__size_of___wmul                         (abs)        00000
__size_of_eeprom_read                    (abs)        00000
__size_of_eeprom_write                   (abs)        00000
__size_of_main                           (abs)        00000
__size_ofi1_EncoderStatusUpdate          (abs)        00000
__size_ofi1_I2C1_Initialize              (abs)        00000
__size_ofi1_PWM_GP1                      (abs)        00000
__size_ofi1_PWM_GP2                      (abs)        00000
__size_ofi1_PWM_GP3_RLED                 (abs)        00000
__size_ofi1_SetInterrupt                 (abs)        00000
__size_ofi1___wmul                       (abs)        00000
_double_push_cnt                         bssBANK1     000A2
_double_push_delay                       bssBANK1     000A0
_eeprom_read                             text48       016BA
_eeprom_write                            text51       00801
_enc_status                              bssBANK0     00030
_fade_cnt                                bssBANK1     000AB
_fsm_tmr                                 bssBANK1     000C8
_gamma_table                             stringtext1  00176
_gp1_fsm                                 bssBANK1     000B1
_gp2_fsm                                 bssBANK1     000B0
_gp3_fsm                                 bssBANK1     000AF
_gp_fade_cnt                             bssBANK1     000AE
_gp_timer                                bssBANK1     000B2
_i2c_address                             bssBANK0     0004B
_int2clear                               bssBANK1     000B4
_intclear                                bssBANK1     000B5
_main                                    cinit        00048
_pb_cnt                                  bssBANK1     000AC
_pb_fsm                                  bssBANK1     000AD
_temp_blu                                bssBANK0     00031
_temp_gp1                                bssBANK0     00036
_temp_gp2                                bssBANK0     00035
_temp_gp3                                bssBANK0     00034
_temp_green                              bssBANK0     00032
_temp_red                                bssBANK0     00033
_timer3ReloadVal                         bssBANK1     000A8
btemp                                    (abs)        0007E
clear_ram0                               clrtext      012C5
eeprom_read@addr                         cstackCOMMON 00070
eeprom_write@addr                        cstackCOMMON 00071
eeprom_write@value                       cstackCOMMON 00070
end_of_initialization                    cinit        00045
i1EncoderStatusUpdate@stat               cstackCOMMON 00070
i1PWM_GP1@duty                           cstackBANK0  0004C
i1PWM_GP2@duty                           cstackCOMMON 0007C
i1PWM_GP3_RLED@duty                      cstackCOMMON 0007C
i1_EncoderStatusUpdate                   text78       00E88
i1_I2C1_Initialize                       text58       0126C
i1_PWM_GP1                               text50       00CBF
i1_PWM_GP2                               text69       0076A
i1_PWM_GP3_RLED                          text63       0177C
i1_SetInterrupt                          text78       00FF7
i1___wmul                                text50       00D4E
i1___wmul@multiplicand                   cstackCOMMON 00072
i1___wmul@multiplier                     cstackCOMMON 00070
i1___wmul@product                        cstackCOMMON 00074
int$flags                                (abs)        0007E
intlevel0                                functab      00000
intlevel1                                functab      00000
intlevel2                                functab      00000
intlevel3                                functab      00000
intlevel4                                functab      00000
intlevel5                                functab      00000
reset_vec                                reset_vec    00000
start                                    init         00030
start_initialization                     cinit        00032
wtemp0                                   (abs)        0007E


FUNCTION INFORMATION:

 *************** function _main *****************
 Defined at:
		line 80 in file "main.c"
 Parameters:    Size  Location     Type
		None
 Auto vars:     Size  Location     Type
		None
 Return value:  Size  Location     Type
                  1    wreg      void 
 Registers used:
		wreg, fsr0l, fsr0h, status,2, status,0, pclath, cstack
 Tracked objects:
		On entry : 
		On exit  : 
		Unchanged: 
 Data sizes:     COMMON   BANK0   BANK1   BANK2   BANK3   BANK4   BANK5   BANK6   BANK7   BANK8   BANK9  BANK10  BANK11  BANK12
      Params:         0       0       0       0       0       0       0       0       0       0       0       0       0       0
      Locals:         0       0       0       0       0       0       0       0       0       0       0       0       0       0
      Temps:          0       0       0       0       0       0       0       0       0       0       0       0       0       0
      Totals:         0       0       0       0       0       0       0       0       0       0       0       0       0       0
Total ram usage:        0 bytes
 Hardware stack levels required when called:   12
 This function calls:
		_ClearInterrupt
		_DataInitSet
		_Encoder_FSM
		_GP_Ports_FSM
		_SYSTEM_Initialize
		_TMR0_StartTimer
		_TMR3_StartTimer
 This function is called by:
		Startup code after reset
 This function uses a non-reentrant model


 *************** function _TMR3_StartTimer *****************
 Defined at:
		line 90 in file "mcc_generated_files/tmr3.c"
 Parameters:    Size  Location     Type
		None
 Auto vars:     Size  Location     Type
		None
 Return value:  Size  Location     Type
                  1    wreg      void 
 Registers used:
		None
 Tracked objects:
		On entry : 
		On exit  : 
		Unchanged: 
 Data sizes:     COMMON   BANK0   BANK1   BANK2   BANK3   BANK4   BANK5   BANK6   BANK7   BANK8   BANK9  BANK10  BANK11  BANK12
      Params:         0       0       0       0       0       0       0       0       0       0       0       0       0       0
      Locals:         0       0       0       0       0       0       0       0       0       0       0       0       0       0
      Temps:          0       0       0       0       0       0       0       0       0       0       0       0       0       0
      Totals:         0       0       0       0       0       0       0       0       0       0       0       0       0       0
Total ram usage:        0 bytes
 Hardware stack levels used:    1
 Hardware stack levels required when called:    7
 This function calls:
		Nothing
 This function is called by:
		_main
 This function uses a non-reentrant model


 *************** function _TMR0_StartTimer *****************
 Defined at:
		line 80 in file "mcc_generated_files/tmr0.c"
 Parameters:    Size  Location     Type
		None
 Auto vars:     Size  Location     Type
		None
 Return value:  Size  Location     Type
                  1    wreg      void 
 Registers used:
		None
 Tracked objects:
		On entry : 
		On exit  : 
		Unchanged: 
 Data sizes:     COMMON   BANK0   BANK1   BANK2   BANK3   BANK4   BANK5   BANK6   BANK7   BANK8   BANK9  BANK10  BANK11  BANK12
      Params:         0       0       0       0       0       0       0       0       0       0       0       0       0       0
      Locals:         0       0       0       0       0       0       0       0       0       0       0       0       0       0
      Temps:          0       0       0       0       0       0       0       0       0       0       0       0       0       0
      Totals:         0       0       0       0       0       0       0       0       0       0       0       0       0       0
Total ram usage:        0 bytes
 Hardware stack levels used:    1
 Hardware stack levels required when called:    7
 This function calls:
		Nothing
 This function is called by:
		_main
 This function uses a non-reentrant model


 *************** function _SYSTEM_Initialize *****************
 Defined at:
		line 50 in file "mcc_generated_files/mcc.c"
 Parameters:    Size  Location     Type
		None
 Auto vars:     Size  Location     Type
		None
 Return value:  Size  Location     Type
                  1    wreg      void 
 Registers used:
		wreg, status,2, status,0, pclath, cstack
 Tracked objects:
		On entry : 
		On exit  : 
		Unchanged: 
 Data sizes:     COMMON   BANK0   BANK1   BANK2   BANK3   BANK4   BANK5   BANK6   BANK7   BANK8   BANK9  BANK10  BANK11  BANK12
      Params:         0       0       0       0       0       0       0       0       0       0       0       0       0       0
      Locals:         0       0       0       0       0       0       0       0       0       0       0       0       0       0
      Temps:          0       0       0       0       0       0       0       0       0       0       0       0       0       0
      Totals:         0       0       0       0       0       0       0       0       0       0       0       0       0       0
Total ram usage:        0 bytes
 Hardware stack levels used:    1
 Hardware stack levels required when called:    8
 This function calls:
		_CLC1_Initialize
		_CLC2_Initialize
		_CLC3_Initialize
		_CLC4_Initialize
		_I2C1_AddressSet
		_I2C1_Initialize
		_OSCILLATOR_Initialize
		_PIN_MANAGER_Initialize
		_PMD_Initialize
		_TMR0_Initialize
		_TMR2_Initialize
		_TMR3_Initialize
		_WDT_Initialize
 This function is called by:
		_main
 This function uses a non-reentrant model


 *************** function _WDT_Initialize *****************
 Defined at:
		line 82 in file "mcc_generated_files/mcc.c"
 Parameters:    Size  Location     Type
		None
 Auto vars:     Size  Location     Type
		None
 Return value:  Size  Location     Type
                  1    wreg      void 
 Registers used:
		wreg
 Tracked objects:
		On entry : 
		On exit  : 
		Unchanged: 
 Data sizes:     COMMON   BANK0   BANK1   BANK2   BANK3   BANK4   BANK5   BANK6   BANK7   BANK8   BANK9  BANK10  BANK11  BANK12
      Params:         0       0       0       0       0       0       0       0       0       0       0       0       0       0
      Locals:         0       0       0       0       0       0       0       0       0       0       0       0       0       0
      Temps:          0       0       0       0       0       0       0       0       0       0       0       0       0       0
      Totals:         0       0       0       0       0       0       0       0       0       0       0       0       0       0
Total ram usage:        0 bytes
 Hardware stack levels used:    1
 Hardware stack levels required when called:    7
 This function calls:
		Nothing
 This function is called by:
		_SYSTEM_Initialize
 This function uses a non-reentrant model


 *************** function _TMR3_Initialize *****************
 Defined at:
		line 64 in file "mcc_generated_files/tmr3.c"
 Parameters:    Size  Location     Type
		None
 Auto vars:     Size  Location     Type
		None
[...]
                  1    wreg      unsigned char 
 Registers used:
		wreg, fsr0l, fsr0h, status,2, status,0, pclath, cstack
 Tracked objects:
		On entry : 
		On exit  : 
		Unchanged: 
 Data sizes:     COMMON   BANK0   BANK1   BANK2   BANK3   BANK4   BANK5   BANK6   BANK7   BANK8   BANK9  BANK10  BANK11  BANK12
      Params:         0       0       0       0       0       0       0       0       0       0       0       0       0       0
      Locals:         2       0       0       0       0       0       0       0       0       0       0       0       0       0
      Temps:          0       0       0       0       0       0       0       0       0       0       0       0       0       0
      Totals:         2       0       0       0       0       0       0       0       0       0       0       0       0       0
Total ram usage:        2 bytes
 Hardware stack levels used:    1
 Hardware stack levels required when called:    1
 This function calls:
		_eeprom_read
 This function is called by:
		_I2C1_StatusCallback
 This function uses a non-reentrant model


 *************** function _eeprom_read *****************
 Defined at:
		line 6 in file "C:\Program Files\Microchip\xc8\v2.31\pic\sources\c90\pic\__eeread.c"
 Parameters:    Size  Location     Type
  addr            1    wreg     unsigned char 
 Auto vars:     Size  Location     Type
  addr            1    0[COMMON] unsigned char 
 Return value:  Size  Location     Type
                  1    wreg      unsigned char 
 Registers used:
		wreg
 Tracked objects:
		On entry : 
		On exit  : 
		Unchanged: 
 Data sizes:     COMMON   BANK0   BANK1   BANK2   BANK3   BANK4   BANK5   BANK6   BANK7   BANK8   BANK9  BANK10  BANK11  BANK12
      Params:         0       0       0       0       0       0       0       0       0       0       0       0       0       0
      Locals:         1       0       0       0       0       0       0       0       0       0       0       0       0       0
      Temps:          0       0       0       0       0       0       0       0       0       0       0       0       0       0
      Totals:         1       0       0       0       0       0       0       0       0       0       0       0       0       0
Total ram usage:        1 bytes
 Hardware stack levels used:    1
 This function calls:
		Nothing
 This function is called by:
		_RegisterRead
 This function uses a non-reentrant model


 *************** function _CLC2_ISR *****************
 Defined at:
		line 91 in file "mcc_generated_files/clc2.c"
 Parameters:    Size  Location     Type
		None
 Auto vars:     Size  Location     Type
		None
 Return value:  Size  Location     Type
                  1    wreg      void 
 Registers used:
		wreg, status,2, status,0, pclath, cstack
 Tracked objects:
		On entry : 
		On exit  : 
		Unchanged: 
 Data sizes:     COMMON   BANK0   BANK1   BANK2   BANK3   BANK4   BANK5   BANK6   BANK7   BANK8   BANK9  BANK10  BANK11  BANK12
      Params:         0       0       0       0       0       0       0       0       0       0       0       0       0       0
      Locals:         0       0       0       0       0       0       0       0       0       0       0       0       0       0
      Temps:          0       0       0       0       0       0       0       0       0       0       0       0       0       0
      Totals:         0       0       0       0       0       0       0       0       0       0       0       0       0       0
Total ram usage:        0 bytes
 Hardware stack levels used:    1
 Hardware stack levels required when called:    3
 This function calls:
		_Encoder_AB_Interrupt
 This function is called by:
		_INTERRUPT_InterruptManager
 This function uses a non-reentrant model


 *************** function _CLC1_ISR *****************
 Defined at:
		line 91 in file "mcc_generated_files/clc1.c"
 Parameters:    Size  Location     Type
		None
 Auto vars:     Size  Location     Type
		None
 Return value:  Size  Location     Type
                  1    wreg      void 
 Registers used:
		wreg, status,2, status,0, pclath, cstack
 Tracked objects:
		On entry : 
		On exit  : 
		Unchanged: 
 Data sizes:     COMMON   BANK0   BANK1   BANK2   BANK3   BANK4   BANK5   BANK6   BANK7   BANK8   BANK9  BANK10  BANK11  BANK12
      Params:         0       0       0       0       0       0       0       0       0       0       0       0       0       0
      Locals:         0       0       0       0       0       0       0       0       0       0       0       0       0       0
      Temps:          0       0       0       0       0       0       0       0       0       0       0       0       0       0
      Totals:         0       0       0       0       0       0       0       0       0       0       0       0       0       0
Total ram usage:        0 bytes
 Hardware stack levels used:    1
 Hardware stack levels required when called:    3
 This function calls:
		_Encoder_AB_Interrupt
 This function is called by:
		_INTERRUPT_InterruptManager
 This function uses a non-reentrant model


 *************** function _Encoder_AB_Interrupt *****************
 Defined at:
		line 65 in file "Encoder.c"
 Parameters:    Size  Location     Type
		None
 Auto vars:     Size  Location     Type
		None
 Return value:  Size  Location     Type
                  1    wreg      void 
 Registers used:
		wreg, status,2, status,0, pclath, cstack
 Tracked objects:
		On entry : 
		On exit  : 
		Unchanged: 
 Data sizes:     COMMON   BANK0   BANK1   BANK2   BANK3   BANK4   BANK5   BANK6   BANK7   BANK8   BANK9  BANK10  BANK11  BANK12
      Params:         0       0       0       0       0       0       0       0       0       0       0       0       0       0
      Locals:         0       0       0       0       0       0       0       0       0       0       0       0       0       0
      Temps:          0       4       0       0       0       0       0       0       0       0       0       0       0       0
      Totals:         0       4       0       0       0       0       0       0       0       0       0       0       0       0
Total ram usage:        4 bytes
 Hardware stack levels used:    1
 Hardware stack levels required when called:    2
 This function calls:
		___fladd
		___flge
		___flsub
		i1_EncoderStatusUpdate
		i1_SetInterrupt
 This function is called by:
		_CLC2_ISR
		_CLC1_ISR
 This function uses a non-reentrant model


 *************** function i1_SetInterrupt *****************
 Defined at:
		line 56 in file "main.c"
 Parameters:    Size  Location     Type
		None
 Auto vars:     Size  Location     Type
		None
 Return value:  Size  Location     Type
                  1    wreg      void 
 Registers used:
		wreg, status,2, status,0
 Tracked objects:
		On entry : 
		On exit  : 
		Unchanged: 
 Data sizes:     COMMON   BANK0   BANK1   BANK2   BANK3   BANK4   BANK5   BANK6   BANK7   BANK8   BANK9  BANK10  BANK11  BANK12
      Params:         0       0       0       0       0       0       0       0       0       0       0       0       0       0
      Locals:         0       0       0       0       0       0       0       0       0       0       0       0       0       0
      Temps:          0       0       0       0       0       0       0       0       0       0       0       0       0       0
      Totals:         0       0       0       0       0       0       0       0       0       0       0       0       0       0
Total ram usage:        0 bytes
 Hardware stack levels used:    1
 This function calls:
		Nothing
 This function is called by:
		_Encoder_AB_Interrupt
 This function uses a non-reentrant model


 *************** function i1_EncoderStatusUpdate *****************
 Defined at:
		line 135 in file "DataVariable.c"
 Parameters:    Size  Location     Type
  stat            1    wreg     enum E77
 Auto vars:     Size  Location     Type
  stat            1    0[COMMON] enum E77
 Return value:  Size  Location     Type
                  1    wreg      void 
 Registers used:
		wreg, status,2, status,0
 Tracked objects:
		On entry : 
		On exit  : 
		Unchanged: 
 Data sizes:     COMMON   BANK0   BANK1   BANK2   BANK3   BANK4   BANK5   BANK6   BANK7   BANK8   BANK9  BANK10  BANK11  BANK12
      Params:         0       0       0       0       0       0       0       0       0       0       0       0       0       0
      Locals:         1       0       0       0       0       0       0       0       0       0       0       0       0       0
      Temps:          0       0       0       0       0       0       0       0       0       0       0       0       0       0
      Totals:         1       0       0       0       0       0       0       0       0       0       0       0       0       0
Total ram usage:        1 bytes
 Hardware stack levels used:    1
 This function calls:
		Nothing
 This function is called by:
		_Encoder_AB_Interrupt
 This function uses a non-reentrant model


 *************** function ___flsub *****************
 Defined at:
		line 242 in file "C:\Program Files\Microchip\xc8\v2.31\pic\sources\c90\common\sprcadd.c"
 Parameters:    Size  Location     Type
  a               4    8[BANK0 ] void 
  b               4   12[BANK0 ] void 
 Auto vars:     Size  Location     Type
		None
 Return value:  Size  Location     Type
                  4    8[BANK0 ] void 
 Registers used:
		wreg, status,2, status,0, pclath, cstack
 Tracked objects:
		On entry : 
		On exit  : 
		Unchanged: 
 Data sizes:     COMMON   BANK0   BANK1   BANK2   BANK3   BANK4   BANK5   BANK6   BANK7   BANK8   BANK9  BANK10  BANK11  BANK12
      Params:         0       8       0       0       0       0       0       0       0       0       0       0       0       0
      Locals:         0       0       0       0       0       0       0       0       0       0       0       0       0       0
      Temps:          0       0       0       0       0       0       0       0       0       0       0       0       0       0
      Totals:         0       8       0       0       0       0       0       0       0       0       0       0       0       0
Total ram usage:        8 bytes
 Hardware stack levels used:    1
 Hardware stack levels required when called:    1
 This function calls:
		___fladd
 This function is called by:
		_Encoder_AB_Interrupt
 This function uses a non-reentrant model


 *************** function ___fladd *****************
 Defined at:
		line 10 in file "C:\Program Files\Microchip\xc8\v2.31\pic\sources\c90\common\sprcadd.c"
 Parameters:    Size  Location     Type
  b               4    0[COMMON] void 
  a               4    4[COMMON] void 
 Auto vars:     Size  Location     Type
  grs             1   11[COMMON] unsigned char 
  bexp            1   10[COMMON] unsigned char 
  aexp            1    9[COMMON] unsigned char 
  signs           1    8[COMMON] unsigned char 
 Return value:  Size  Location     Type
                  4    0[COMMON] unsigned char 
 Registers used:
		wreg, status,2, status,0
 Tracked objects:
		On entry : 
		On exit  : 
		Unchanged: 
 Data sizes:     COMMON   BANK0   BANK1   BANK2   BANK3   BANK4   BANK5   BANK6   BANK7   BANK8   BANK9  BANK10  BANK11  BANK12
      Params:         8       0       0       0       0       0       0       0       0       0       0       0       0       0
      Locals:         4       0       0       0       0       0       0       0       0       0       0       0       0       0
      Temps:          0       8       0       0       0       0       0       0       0       0       0       0       0       0
      Totals:        12       8       0       0       0       0       0       0       0       0       0       0       0       0
Total ram usage:       20 bytes
 Hardware stack levels used:    1
 This function calls:
		Nothing
 This function is called by:
		_Encoder_AB_Interrupt
		___flsub
 This function uses a non-reentrant model


 *************** function ___flge *****************
 Defined at:
		line 4 in file "C:\Program Files\Microchip\xc8\v2.31\pic\sources\c90\common\flge.c"
 Parameters:    Size  Location     Type
  ff1             4    0[COMMON] unsigned char 
  ff2             4    4[COMMON] unsigned char 
 Auto vars:     Size  Location     Type
		None
 Return value:  Size  Location     Type
		None               void
 Registers used:
		wreg, status,2, status,0
 Tracked objects:
		On entry : 
		On exit  : 
		Unchanged: 
 Data sizes:     COMMON   BANK0   BANK1   BANK2   BANK3   BANK4   BANK5   BANK6   BANK7   BANK8   BANK9  BANK10  BANK11  BANK12
      Params:         8       0       0       0       0       0       0       0       0       0       0       0       0       0
      Locals:         0       0       0       0       0       0       0       0       0       0       0       0       0       0
      Temps:          4       0       0       0       0       0       0       0       0       0       0       0       0       0
      Totals:        12       0       0       0       0       0       0       0       0       0       0       0       0       0
Total ram usage:       12 bytes
 Hardware stack levels used:    1
 This function calls:
		Nothing
 This function is called by:
		_Encoder_AB_Interrupt
 This function uses a non-reentrant model



MODULE INFORMATION

Module		Function		Class		Link	Load	Size
C:\Program Files\Microchip\xc8\v2.31\pic\sources\c90\common\flge.c
		___flge        		CODE           	1162	0000	98

C:\Program Files\Microchip\xc8\v2.31\pic\sources\c90\common\flge.c estimated size: 98

DataVariable.c
		_FirstDataSplit		CODE           	11C4	0000	72
		_EncoderStatusUpdate		CODE           	0AC3	0000	4
		_FadeProcessClear		CODE           	0A36	0000	8
		_FadeProcessSet		CODE           	0A3E	0000	4
		_Int2StatusUpdate		CODE           	0ABE	0000	5
		_SecondDataSplit		CODE           	0D7A	0000	10
		_DataInitSet   		CODE           	006C	0000	63

DataVariable.c estimated size: 166

mcc_generated_files/pwm4.c
		_PWM4_Initialize		CODE           	075D	0000	13

mcc_generated_files/pwm4.c estimated size: 13

mcc_generated_files/tmr2.c
		_TMR2_Initialize		CODE           	129D	0000	8

mcc_generated_files/tmr2.c estimated size: 8

mcc_generated_files/interrupt_manager.c
		_INTERRUPT_InterruptManager		CODE           	0004	0000	44

mcc_generated_files/interrupt_manager.c estimated size: 44

mcc_generated_files/pwm2.c
		_PWM2_Initialize		CODE           	17E8	0000	11

mcc_generated_files/pwm2.c estimated size: 11

mcc_generated_files/tmr0.c
		_TMR0_Reload   		CODE           	0C42	0000	4
		_TMR0_StartTimer		CODE           	12CE	0000	3
		_TMR0_Initialize		CODE           	0169	0000	9

mcc_generated_files/tmr0.c estimated size: 16

mcc_generated_files/i2c1.c
		_I2C1_Initialize_ClockStreach		CODE           	1236	0000	20
		_I2C1_ISR      		CODE           	15B6	0000	28
		_I2C1_Initialize		CODE           	010B	0000	17

mcc_generated_files/i2c1.c estimated size: 65

C:\Program Files\Microchip\xc8\v2.31\pic\sources\c90\common\Umul16.c
		___wmul        		CODE           	0AC7	0000	21

C:\Program Files\Microchip\xc8\v2.31\pic\sources\c90\common\Umul16.c estimated size: 21

mcc_generated_files/pin_manager.c
		_PIN_MANAGER_Initialize		CODE           	0125	0000	54

mcc_generated_files/pin_manager.c estimated size: 54

i2c_register.c
		_I2C1_AddressSet		CODE           	00F8	0000	19
		_FirstConfig   		CODE           	0BF7	0000	67
		_SecondConfig  		CODE           	0C3A	0000	8
		_I2C1_StatusCallback		CODE           	15D2	0000	51
		_RegisterRead  		CODE           	1605	0000	181
		_RegisterWrite 		CODE           	0B0A	0000	237

i2c_register.c estimated size: 563

mcc_generated_files/clc4.c
		_CLC4_Initialize		CODE           	127D	0000	16

mcc_generated_files/clc4.c estimated size: 16

C:\Program Files\Microchip\xc8\v2.31\pic\sources\c90\common\sprcadd.c
		___flsub       		CODE           	0FDA	0000	29
		___fladd       		CODE           	0E8B	0000	335

C:\Program Files\Microchip\xc8\v2.31\pic\sources\c90\common\sprcadd.c estimated size: 364

mcc_generated_files/adc.c
		_ADC_Initialize		CODE           	09B2	0000	8
		_ADC_GetConversion		CODE           	0997	0000	27

mcc_generated_files/adc.c estimated size: 35

mcc_generated_files/clc2.c
		_CLC2_ISR      		CODE           	0D84	0000	4
		_CLC2_Initialize		CODE           	00E0	0000	24

mcc_generated_files/clc2.c estimated size: 28

C:\Program Files\Microchip\xc8\v2.31\pic\sources\c90\pic\__eewrite.c
		_eeprom_write  		CODE           	0801	0000	28

C:\Program Files\Microchip\xc8\v2.31\pic\sources\c90\pic\__eewrite.c estimated size: 28

PWM.c
		_PWM_GLED      		CODE           	0A42	0000	115
		_PWM_GP3_RLED  		CODE           	1542	0000	116
		_PWM_BLED      		CODE           	081D	0000	116
		_PWM_GP2       		CODE           	14A3	0000	113
		_PWM_GP1       		CODE           	13DE	0000	151

PWM.c estimated size: 611

shared
		i1_EncoderStatusUpdate		CODE           	0E88	0000	3
		i1_I2C1_Initialize		CODE           	126C	0000	17
		i1_PWM_GP1     		CODE           	0CBF	0000	143
		i1_PWM_GP2     		CODE           	076A	0000	106
		i1___wmul      		CODE           	0D4E	0000	21
		__initialization		CODE           	0032	0000	19
		_gamma_table   		STRCODE        	0176	0000	1400
		i1_PWM_GP3_RLED		CODE           	177C	0000	108
		i1_SetInterrupt		CODE           	0FF7	0000	9

shared estimated size: 1826

mcc_generated_files/pwm5.c
		_PWM5_Initialize		CODE           	0CB5	0000	10

mcc_generated_files/pwm5.c estimated size: 10

C:\Program Files\Microchip\xc8\v2.31\pic\sources\c90\pic\__eeread.c
		_eeprom_read   		CODE           	16BA	0000	15

C:\Program Files\Microchip\xc8\v2.31\pic\sources\c90\pic\__eeread.c estimated size: 15

mcc_generated_files/mcc.c
		_WDT_Initialize		CODE           	0172	0000	4
		_PMD_Initialize		CODE           	015B	0000	14
		_OSCILLATOR_Initialize		CODE           	011C	0000	9
		_SYSTEM_Initialize		CODE           	00B0	0000	25

mcc_generated_files/mcc.c estimated size: 52

mcc_generated_files/tmr3.c
		_TMR3_ISR      		CODE           	07D4	0000	10
		_TMR3_Initialize		CODE           	120C	0000	22
		_TMR3_WriteTimer		CODE           	07DE	0000	15
		_TMR3_StartTimer		CODE           	12CB	0000	3

mcc_generated_files/tmr3.c estimated size: 50

mcc_generated_files/pwm3.c
		_PWM3_Initialize		CODE           	17F3	0000	13

mcc_generated_files/pwm3.c estimated size: 13

mcc_generated_files/pwm1.c
		_PWM1_Initialize		CODE           	1770	0000	12

mcc_generated_files/pwm1.c estimated size: 12

main.c
		_main          		CODE           	0048	0000	33
		_ClearInterrupt		CODE           	0069	0000	3
		_SetInterrupt  		CODE           	0AB5	0000	9
		_TimerInt      		CODE           	07ED	0000	4

main.c estimated size: 49

mcc_generated_files/clc3.c
		_CLC3_Initialize		CODE           	128D	0000	16

mcc_generated_files/clc3.c estimated size: 16

GPports.c
		_UpdateOut_GP1 		CODE           	125B	0000	17
		_UpdateOut_GP2 		CODE           	124A	0000	17
		_UpdateOut_GP3 		CODE           	1222	0000	20
		_STD_EncoderMode		CODE           	0D63	0000	23
		_GP1_FSM       		CODE           	08AF	0000	75
		_GP2_FSM       		CODE           	08FA	0000	77
		_GP3_FSM       		CODE           	0947	0000	80
		_Config_GP1    		CODE           	0C46	0000	111
		_Config_GP2    		CODE           	06EE	0000	111
		_Config_GP3    		CODE           	1701	0000	111
		_GP_Ports_FSM  		CODE           	0891	0000	30
		_RGB_EncoderMode		CODE           	16C9	0000	56
		_FADE_GP1      		CODE           	0ADC	0000	46
		_FADE_GP2      		CODE           	1475	0000	46
		_FADE_GP3      		CODE           	1514	0000	46

GPports.c estimated size: 866

Encoder.c
		_FADE_LEDS     		CODE           	09BA	0000	124
		_Encoder_AB_Interrupt		CODE           	0D8C	0000	252
		_EncoderSwitch_GetValueFiltered		CODE           	13B5	0000	28
		_Encoder_FSM   		CODE           	00AB	0000	5
		_EncoderSwitch_GetValue		CODE           	13D1	0000	13
		_Encoder_PushButton_FSM		CODE           	1349	0000	108

Encoder.c estimated size: 530

mcc_generated_files/clc1.c
		_CLC1_ISR      		CODE           	0D88	0000	4
		_CLC1_Initialize		CODE           	00C9	0000	23

mcc_generated_files/clc1.c estimated size: 27

