Microchip MPLAB XC8 Compiler V2.00 ()

Linker command line:

-W-3 --edf=C:\Program Files (x86)\Microchip\xc8\v2.00\pic\dat\en_msgs.txt \
  -cs -h+dist/default/production\I2CEncoderV2.X.production.sym \
  --cmf=dist/default/production\I2CEncoderV2.X.production.cmf -z -Q16F18345 \
  -oC:\Users\Saimon\AppData\Local\Temp\sfj0.2 --defsym=__MPLAB_BUILD=1 \
  -Mdist/default/production/I2CEncoderV2.X.production.map -E1 -ver=XC8 \
  --acfsm=1493 -ASTACK=0206Dh-023efh -pstack=STACK -ACODE=00h-07FFhx4 \
  -ASTRCODE=00h-01FFFh -ASTRING=00h-0FFhx32 -ACONST=00h-0FFhx32 \
  -AENTRY=00h-0FFhx32 -ACOMMON=070h-07Fh -ABANK0=020h-06Fh \
  -ABANK1=0A0h-0EFh -ABANK2=0120h-016Fh -ABANK3=01A0h-01EFh \
  -ABANK4=0220h-026Fh -ABANK5=02A0h-02EFh -ABANK6=0320h-036Fh \
  -ABANK7=03A0h-03EFh -ABANK8=0420h-046Fh -ABANK9=04A0h-04EFh \
  -ABANK10=0520h-056Fh -ABANK11=05A0h-05EFh -ABANK12=0620h-064Fh \
  -ABIGRAM=02000h-023EFh \
  -ARAM=020h-06Fh,0A0h-0EFh,0120h-016Fh,01A0h-01EFh,0220h-026Fh,02A0h-02EFh,0320h-036Fh,03A0h-03EFh,0420h-046Fh,04A0h-04EFh,0520h-056Fh,05A0h-05EFh,0620h-064Fh \
  -AABS1=020h-07Fh,0A0h-0EFh,0120h-016Fh,01A0h-01EFh,0220h-026Fh,02A0h-02EFh,0320h-036Fh,03A0h-03EFh,0420h-046Fh,04A0h-04EFh,0520h-056Fh,05A0h-05EFh,0620h-064Fh \
  -ASFR0=00h-01Fh -ASFR1=080h-09Fh -ASFR2=0100h-011Fh -ASFR3=0180h-019Fh \
  -ASFR4=0200h-021Fh -ASFR5=0280h-029Fh -ASFR6=0300h-031Fh \
  -ASFR7=0380h-039Fh -ASFR8=0400h-041Fh -ASFR9=0480h-049Fh \
  -ASFR10=0500h-051Fh -ASFR11=0580h-059Fh -ASFR12=0600h-061Fh \
  -ASFR13=0680h-06EFh -ASFR14=0700h-076Fh -ASFR15=0780h-07EFh \
  -ASFR16=0800h-086Fh -ASFR17=0880h-08EFh -ASFR18=0900h-096Fh \
  -ASFR19=0980h-09EFh -ASFR20=0A00h-0A6Fh -ASFR21=0A80h-0AEFh \
  -ASFR22=0B00h-0B6Fh -ASFR23=0B80h-0BEFh -ASFR24=0C00h-0C6Fh \
  -ASFR25=0C80h-0CEFh -ASFR26=0D00h-0D6Fh -ASFR27=0D80h-0DEFh \
  -ASFR28=0E00h-0E6Fh -ASFR29=0E80h-0EEFh -ASFR30=0F00h-0F6Fh \
  -ASFR31=0F80h-0FEFh -preset_vec=00h,intentry=04h,init,end_init \
  -ppowerup=CODE -pcinit=CODE -pfunctab=ENTRY -ACONFIG=08007h-0800Ah \
  -pconfig=CONFIG -DCONFIG=2 -AIDLOC=08000h-08003h -pidloc=IDLOC -DIDLOC=2 \
  -AEEDATA=00h-0FFh/0F000h -peeprom_data=EEDATA -DEEDATA=2 -DCODE=2 \
  -DSTRCODE=2 -DSTRING=2 -DCONST=2 -DENTRY=2 -k \
  C:\Users\Saimon\AppData\Local\Temp\sfj0.o \
  dist/default/production\I2CEncoderV2.X.production.o 

Object code version is 3.11

Machine type is 16F18345



                Name                               Link     Load   Length Selector   Space Scale
C:\Users\Saimon\AppData\Local\Temp\sfj0.o
                end_init                             30       30        2        8       0
                reset_vec                             0        0        2        0       0
                config                             8007     8007        4    1000E       0
dist/default/production\I2CEncoderV2.X.production.o
                cinit                                32       32      3FE        8       0
                intentry                              4        4       2C        8       0
                text75                              430      430      2F1        8       0
                swtext10                            800      800       44     1000       0
                text72                              721      721       7D        8       0
                swtext9                             880      880        8     1000       0
                swtext8                             878      878        8     1000       0
                swtext7                             870      870        8     1000       0
                swtext6                             79E      79E       44      F3C       0
                swtext5                             868      868        8     1000       0
                text48                              C07      C07      3F9     180E       0
                text47                              B94      B94       1A     1728       0
                text46                              B48      B48        3     1690       0
                text45                              7FE      7FE        1      FC4       0
                text42                              BAE      BAE       23     175C       0
                swtext4                             844      844        C     1000       0
                swtext3                             860      860        8     1000       0
                swtext2                             858      858        8     1000       0
                swtext1                             850      850        8     1000       0
                text13                              B7F      B7F       15     16FE       0
                text10                              B6E      B6E       11     16DC       0
                text8                               BD1      BD1       36     17A2       0
                text7                               B60      B60        E     16C0       0
                text6                               B58      B58        8     16B0       0
                text4                               7E2      7E2       1C      FC4       0
                text3                               B4E      B4E        4     169C       0
                text1                               B4B      B4B        3     1696       0
                cstackBANK0                          54       54       14       20       1
                cstackCOMMON                         70       70        C       70       1
                cstackBANK1                          B6       B6        7       A0       1
                clrtext                             B52      B52        6     16A4       0
                bssBANK1                             A0       A0       16       A0       1
                dataBANK0                            68       68        1       20       1
                bssBANK0                             20       20       34       20       1
                bssCOMMON                            7C       7C        2       70       1

TOTAL           Name                               Link     Load   Length     Space
        CLASS   STACK          

        CLASS   CODE           
                end_init                             30       30        2         0
                cinit                                32       32      3FE         0
                intentry                              4        4       2C         0
                reset_vec                             0        0        2         0
                text75                              430      430      2F1         0
                text72                              721      721       7D         0
                text48                              C07      C07      3F9         0
                text47                              B94      B94       1A         0
                text46                              B48      B48        3         0
                text45                              7FE      7FE        1         0
                text42                              BAE      BAE       23         0
                text13                              B7F      B7F       15         0
                text10                              B6E      B6E       11         0
                text8                               BD1      BD1       36         0
                text7                               B60      B60        E         0
                text6                               B58      B58        8         0
                text4                               7E2      7E2       1C         0
                text3                               B4E      B4E        4         0
                text1                               B4B      B4B        3         0
                clrtext                             B52      B52        6         0

        CLASS   STRCODE        

        CLASS   STRING         

        CLASS   CONST          
                swtext10                            800      800       44         0
                swtext9                             880      880        8         0
                swtext8                             878      878        8         0
                swtext7                             870      870        8         0
                swtext6                             79E      79E       44         0
                swtext5                             868      868        8         0
                swtext4                             844      844        C         0
                swtext3                             860      860        8         0
                swtext2                             858      858        8         0
                swtext1                             850      850        8         0

        CLASS   ENTRY          

        CLASS   COMMON         
                cstackCOMMON                         70       70        C         1
                bssCOMMON                            7C       7C        2         1

        CLASS   BANK0          
                cstackBANK0                          54       54       14         1
                dataBANK0                            68       68        1         1
                bssBANK0                             20       20       34         1

        CLASS   BANK1          
                cstackBANK1                          B6       B6        7         1
                bssBANK1                             A0       A0       16         1

        CLASS   BANK2          

        CLASS   BANK3          

        CLASS   BANK4          

        CLASS   BANK5          

        CLASS   BANK6          

        CLASS   BANK7          

        CLASS   BANK8          

        CLASS   BANK9          

        CLASS   BANK10         

        CLASS   BANK11         

        CLASS   BANK12         

        CLASS   BIGRAM         

        CLASS   RAM            

        CLASS   ABS1           
                abs_s1                               7E       7E        2         1

        CLASS   SFR0           

        CLASS   SFR1           

        CLASS   SFR2           

        CLASS   SFR3           

        CLASS   SFR4           

        CLASS   SFR5           

        CLASS   SFR6           

        CLASS   SFR7           

        CLASS   SFR8           

        CLASS   SFR9           

        CLASS   SFR10          

        CLASS   SFR11          

        CLASS   SFR12          

        CLASS   SFR13          

        CLASS   SFR14          

        CLASS   SFR15          

        CLASS   SFR16          

        CLASS   SFR17          

        CLASS   SFR18          

        CLASS   SFR19          

        CLASS   SFR20          

        CLASS   SFR21          

        CLASS   SFR22          

        CLASS   SFR23          

        CLASS   SFR24          

        CLASS   SFR25          

        CLASS   SFR26          

        CLASS   SFR27          

        CLASS   SFR28          

        CLASS   SFR29          

        CLASS   SFR30          

        CLASS   SFR31          

        CLASS   CONFIG         
                config                             8007     8007        4         0

        CLASS   IDLOC          

        CLASS   EEDATA         

        CLASS   BANK31         

        CLASS   BANK30         

        CLASS   BANK29         

        CLASS   BANK28         

        CLASS   BANK27         

        CLASS   BANK26         

        CLASS   BANK25         

        CLASS   BANK24         

        CLASS   BANK23         

        CLASS   BANK22         

        CLASS   BANK21         

        CLASS   BANK20         

        CLASS   BANK19         

        CLASS   BANK18         

        CLASS   BANK17         

        CLASS   BANK16         

        CLASS   BANK15         

        CLASS   BANK14         

        CLASS   BANK13         



SEGMENTS        Name                           Load    Length   Top    Selector   Space  Class     Delta

                reset_vec                      000000  000002  000002         0       0  CODE        2
                intentry                       000004  00079A  00079E         8       0  CODE        2
                bssBANK0                       000020  000049  000069        20       1  BANK0       1
                cstackCOMMON                   000070  00000E  00007E        70       1  COMMON      1
                bssBANK1                       0000A0  00001D  0000BD        A0       1  BANK1       1
                swtext6                        00079E  000044  0007E2       F3C       0  CONST       2
                text4                          0007E2  00001D  0007FF       FC4       0  CODE        2
                swtext10                       000800  000088  000888      1000       0  CONST       2
                text46                         000B48  000003  000B4B      1690       0  CODE        2
                text1                          000B4B  000003  000B4E      1696       0  CODE        2
                text3                          000B4E  000004  000B52      169C       0  CODE        2
                clrtext                        000B52  000006  000B58      16A4       0  CODE        2
                text6                          000B58  000008  000B60      16B0       0  CODE        2
                text7                          000B60  00000E  000B6E      16C0       0  CODE        2
                text10                         000B6E  000011  000B7F      16DC       0  CODE        2
                text13                         000B7F  000015  000B94      16FE       0  CODE        2
                text47                         000B94  00001A  000BAE      1728       0  CODE        2
                text42                         000BAE  000023  000BD1      175C       0  CODE        2
                text8                          000BD1  000036  000C07      17A2       0  CODE        2
                text48                         000C07  0003F9  001000      180E       0  CODE        2
                config                         008007  000004  00800B     1000E       0  CONFIG      2


UNUSED ADDRESS RANGES

        Name                Unused          Largest block    Delta
        BANK0            00069-0006F               7           1
        BANK1            000BD-000EF              33           1
        BANK10           00520-0056F              50           1
        BANK11           005A0-005EF              50           1
        BANK12           00620-0064F              30           1
        BANK2            00120-0016F              50           1
        BANK3            001A0-001EF              50           1
        BANK4            00220-0026F              50           1
        BANK5            002A0-002EF              50           1
        BANK6            00320-0036F              50           1
        BANK7            003A0-003EF              50           1
        BANK8            00420-0046F              50           1
        BANK9            004A0-004EF              50           1
        BIGRAM           02000-023EF             3F0           1
        CODE             00002-00003               2           2
                         007FF-007FF               1
                         00888-00B47             2C0
                         01000-01FFF             800
        CONST            00002-00003               2           2
                         007FF-007FF               1
                         00888-00B47             100
                         01000-01FFF             100
        EEDATA           0F000-0F0FF             100           2
        ENTRY            00002-00003               2           2
                         007FF-007FF               1
                         00888-00B47             100
                         01000-01FFF             100
        IDLOC            08000-08003               4           2
        RAM              00069-0006F               7           1
                         000BD-000EF              33
                         00120-0016F              50
                         001A0-001EF              50
                         00220-0026F              50
                         002A0-002EF              50
                         00320-0036F              50
                         003A0-003EF              50
                         00420-0046F              50
                         004A0-004EF              50
                         00520-0056F              50
                         005A0-005EF              50
                         00620-0064F              30
        SFR0             00000-0001F              20           1
        SFR1             00080-0009F              20           1
        SFR10            00500-0051F              20           1
        SFR11            00580-0059F              20           1
        SFR12            00600-0061F              20           1
        SFR13            00680-006EF              70           1
        SFR14            00700-0076F              70           1
        SFR15            00780-007EF              70           1
        SFR16            00800-0086F              70           1
        SFR17            00880-008EF              70           1
        SFR18            00900-0096F              70           1
        SFR19            00980-009EF              70           1
        SFR2             00100-0011F              20           1
        SFR20            00A00-00A6F              70           1
        SFR21            00A80-00AEF              70           1
        SFR22            00B00-00B6F              70           1
        SFR23            00B80-00BEF              70           1
        SFR24            00C00-00C6F              70           1
        SFR25            00C80-00CEF              70           1
        SFR26            00D00-00D6F              70           1
        SFR27            00D80-00DEF              70           1
        SFR28            00E00-00E6F              70           1
        SFR29            00E80-00EEF              70           1
        SFR3             00180-0019F              20           1
        SFR30            00F00-00F6F              70           1
        SFR31            00F80-00FEF              70           1
        SFR4             00200-0021F              20           1
        SFR5             00280-0029F              20           1
        SFR6             00300-0031F              20           1
        SFR7             00380-0039F              20           1
        SFR8             00400-0041F              20           1
        SFR9             00480-0049F              20           1
        STACK            0206D-023EF             383           1
        STRCODE          00002-00003               2           2
                         007FF-007FF               1
                         00888-00B47             2C0
                         01000-01FFF            1000
        STRING           00002-00003               2           2
                         007FF-007FF               1
                         00888-00B47             100
                         01000-01FFF             100

                                  Symbol Table

?_ADC_GetConversion                       cstackBANK1  000B6
?___fladd                                 cstackCOMMON 00070
?___flsub                                 cstackBANK0  0005C
?___wmul                                  cstackCOMMON 00070
ADC_GetConversion@channel                 cstackBANK1  000B9
EncoderStatusUpdate@stat                  cstackBANK1  000B6
EncoderSwitch_GetValueFiltered@pb_status  bssBANK1     000AA
FadeProcessClear@stat                     cstackBANK1  000B8
FadeProcessSet@stat                       cstackBANK1  000B6
GPort_GP1_PWM@duty                        cstackBANK1  000B7
GPort_GP2_PWM@duty                        cstackBANK1  000B6
GPort_GP3_PWM@duty                        cstackBANK1  000B6
I2C1_ISR@i2c_data                         cstackCOMMON 00079
I2C1_StatusCallback@i2c_bus_state         cstackCOMMON 00078
I2C1_StatusCallback@slaveWriteType        bssBANK1     000B3
Int2StatusUpdate@stat                     cstackBANK1  000B7
RGBEncoder_BLED@duty                      cstackBANK1  000B6
RGBEncoder_GLED@duty                      cstackBANK1  000B6
RGBEncoder_RLED@duty                      cstackBANK1  000B6
RegisterRead@add                          cstackCOMMON 00071
RegisterRead@return_value                 cstackCOMMON 00072
RegisterWrite@add                         cstackCOMMON 00077
RegisterWrite@data                        cstackCOMMON 00076
TMR3_SetInterruptHandler@InterruptHandler cstackBANK1  000B6
TMR3_WriteTimer@timerVal                  cstackCOMMON 00070
_ADACT                                    (abs)        0009F
_ADCON0                                   (abs)        0009D
_ADCON0bits                               (abs)        0009D
_ADCON1                                   (abs)        0009E
_ADC_GetConversion                        cinit        001C4
_ADC_Initialize                           cinit        001DF
_ADRESH                                   (abs)        0009C
_ADRESL                                   (abs)        0009B
_ANSELA                                   (abs)        0018C
_ANSELB                                   (abs)        0018D
_ANSELC                                   (abs)        0018E
_ANSELCbits                               (abs)        0018E
_ANTBOUNC                                 bssBANK0     00046
_BLED                                     bssBANK0     0004A
_CCP1CON                                  (abs)        00293
_CCP2CON                                  (abs)        00297
_CCP3CON                                  (abs)        00313
_CCP4CON                                  (abs)        00317
_CCPR1H                                   (abs)        00292
_CCPR1L                                   (abs)        00291
_CCPR2H                                   (abs)        00296
_CCPR2L                                   (abs)        00295
_CCPR3H                                   (abs)        00312
_CCPR3L                                   (abs)        00311
_CCPR4H                                   (abs)        00316
_CCPR4L                                   (abs)        00315
_CCPTMRSbits                              (abs)        0029F
_CLC1CON                                  (abs)        00F10
_CLC1GLS0                                 (abs)        00F16
_CLC1GLS1                                 (abs)        00F17
_CLC1GLS2                                 (abs)        00F18
_CLC1GLS3                                 (abs)        00F19
_CLC1POL                                  (abs)        00F11
_CLC1SEL0                                 (abs)        00F12
_CLC1SEL1                                 (abs)        00F13
_CLC1SEL2                                 (abs)        00F14
_CLC1SEL3                                 (abs)        00F15
_CLC1_ISR                                 text75       00434
_CLC1_Initialize                          text13       00B7F
_CLC2CON                                  (abs)        00F1A
_CLC2GLS0                                 (abs)        00F20
_CLC2GLS1                                 (abs)        00F21
_CLC2GLS2                                 (abs)        00F22
_CLC2GLS3                                 (abs)        00F23
_CLC2POL                                  (abs)        00F1B
_CLC2SEL0                                 (abs)        00F1C
_CLC2SEL1                                 (abs)        00F1D
_CLC2SEL2                                 (abs)        00F1E
_CLC2SEL3                                 (abs)        00F1F
_CLC2_ISR                                 text75       00430
_CLC2_Initialize                          cinit        003FF
_CLCIN0PPSbits                            (abs)        00E28
_CLCIN1PPSbits                            (abs)        00E29
_CLC_1_Interrupt                          text75       00438
_CLC_2_Interrupt                          text75       004C0
_CMAX                                     bssBANK0     00028
_CMIN                                     bssBANK0     00024
_CVAL                                     bssBANK0     0002C
_C_DIRE                                   bssBANK1     000B4
_C_DTYPE                                  bssBANK0     0003C
_C_ETYPE                                  bssBANK0     00040
_C_IPUD                                   bssBANK0     0003E
_C_MBANK                                  bssBANK0     00041
_C_RESET                                  bssBANK0     00042
_C_RMOD                                   bssBANK0     0003F
_C_WRAPE                                  bssBANK0     0003D
_ClearInterrupt                           cinit        00068
_Config_GP1                               text48       00D06
_Config_GP2                               text48       00D92
_Config_GP3                               text48       00E18
_DEBOUNCE                                 bssBANK0     00030
_DPPERIOD                                 bssBANK0     00045
_DataInitSet                              cinit        0006B
_DoublePush                               bssBANK1     000A4
_ESTATUS                                  bssBANK0     00052
_EncoderReg                               bssBANK0     0003B
_EncoderStatusUpdate                      cinit        00262
_EncoderSwitch_GetValue                   cinit        00267
_EncoderSwitch_GetValueFiltered           cinit        00246
_Encoder_FSM                              cinit        0009F
_Encoder_PushButton_FSM                   cinit        001E7
_FADEGP                                   bssBANK0     00043
_FADERGB                                  bssBANK0     00044
_FADE_GP1                                 cinit        0032B
_FADE_GP2                                 cinit        00370
_FADE_GP3                                 cinit        003AA
_FADE_LEDS                                cinit        00274
_FSTATUS                                  bssBANK0     0004D
_FadeProcessClear                         cinit        002ED
_FadeProcessSet                           cinit        002F6
_GCONF                                    bssCOMMON    0007D
_GLED                                     bssBANK0     0004B
_GP1CONF                                  bssCOMMON    0007C
_GP1REG                                   bssBANK0     00049
_GP1_FSM                                  cinit        000D2
_GP2CONF                                  bssBANK0     00050
_GP2REG                                   bssBANK0     00048
_GP2_FSM                                  cinit        00119
_GP3CONF                                  bssBANK0     0004F
_GP3REG                                   bssBANK0     00047
_GP3_FSM                                  cinit        00166
_GP_Ports_FSM                             cinit        000B1
_GPort_GP1_PWM                            cinit        00355
_GPort_GP2_PWM                            cinit        0039A
_GPort_GP3_PWM                            cinit        003D4
_GeneralDataSet                           text48       00E9C
_GeneralDataSplit                         text48       00F52
_I2C1_AddressSet                          cinit        00414
_I2C1_ISR                                 text47       00B94
_I2C1_Initialize                          text10       00B6E
_I2C1_StatusCallback                      text48       00C07
_I2C1_slaveWriteData                      dataBANK0    00068
_I2STATUS                                 bssBANK0     0004E
_INTCONF                                  bssBANK0     00051
_INTCONbits                               (abs)        0000B
_INTERRUPT_InterruptManager               intentry     00004
_ISTEP                                    bssBANK0     00020
_Int2StatusClear                          text48       00FE8
_Int2StatusUpdate                         cinit        001B6
_LATA                                     (abs)        0010C
_LATB                                     (abs)        0010D
_LATBbits                                 (abs)        0010D
_LATC                                     (abs)        0010E
_LATCbits                                 (abs)        0010E
_NVMADRH                                  (abs)        00892
_NVMADRL                                  (abs)        00891
_NVMCON1bits                              (abs)        00895
_NVMCON2                                  (abs)        00896
_NVMDATH                                  (abs)        00894
_NVMDATL                                  (abs)        00893
_ODCONA                                   (abs)        0028C
_ODCONB                                   (abs)        0028D
_ODCONC                                   (abs)        0028E
_ODCONCbits                               (abs)        0028E
_OSCCON1                                  (abs)        00919
_OSCCON3                                  (abs)        0091B
_OSCEN                                    (abs)        0091D
_OSCFRQ                                   (abs)        0091F
_OSCILLATOR_Initialize                    cinit        00427
_OSCTUNE                                  (abs)        0091E
_PIE1bits                                 (abs)        00091
_PIE3bits                                 (abs)        00093
_PIN_MANAGER_Initialize                   text8        00BD1
_PIR1bits                                 (abs)        00011
_PIR3bits                                 (abs)        00013
_PMD0                                     (abs)        00911
_PMD1                                     (abs)        00912
_PMD2                                     (abs)        00913
_PMD3                                     (abs)        00914
_PMD4                                     (abs)        00915
_PMD5                                     (abs)        00916
_PMD_Initialize                           text7        00B60
_PORTAbits                                (abs)        0000C
_PORTBbits                                (abs)        0000D
_PORTCbits                                (abs)        0000E
_PPSLOCK                                  (abs)        00E0F
_PPSLOCKbits                              (abs)        00E0F
_PR2                                      (abs)        0001E
_PWM1_Initialize                          text48       00E84
_PWM2_Initialize                          text48       00FEA
_PWM3_Initialize                          text48       00FF4
_PWM4_Initialize                          text48       00DFE
_PWM5CON                                  (abs)        00619
_PWM5DCH                                  (abs)        00618
_PWM5DCL                                  (abs)        00617
_PWM5_Initialize                          text48       00D70
_PWMTMRSbits                              (abs)        0061F
_RB6PPSbits                               (abs)        00E9E
_RB7PPSbits                               (abs)        00E9F
_RC3PPSbits                               (abs)        00EA3
_RC4PPSbits                               (abs)        00EA4
_RC5PPSbits                               (abs)        00EA5
_RC6PPSbits                               (abs)        00EA6
_RC7PPSbits                               (abs)        00EA7
_RGBEncoder_BLED                          cinit        0031B
_RGBEncoder_GLED                          cinit        002FB
_RGBEncoder_RLED                          cinit        0030B
_RGB_EncoderMode                          text48       00F03
_RLED                                     bssBANK0     0004C
_RegisterRead                             text72       00721
_RegisterWrite                            text48       00C48
_SSP1ADD                                  (abs)        00212
_SSP1BUF                                  (abs)        00211
_SSP1CLKPPSbits                           (abs)        00E20
_SSP1CON1                                 (abs)        00215
_SSP1CON1bits                             (abs)        00215
_SSP1CON2                                 (abs)        00216
_SSP1CON2bits                             (abs)        00216
_SSP1CON3                                 (abs)        00217
_SSP1DATPPSbits                           (abs)        00E21
_SSP1MSK                                  (abs)        00213
_SSP1STAT                                 (abs)        00214
_SSP1STATbits                             (abs)        00214
_STATUSbits                               (abs)        00003
_STD_EncoderMode                          text48       00F3B
_SYSTEM_Initialize                        cinit        003E9
_SetInterrupt                             cinit        001BC
_StatusClear                              text48       00FE3
_T2CON                                    (abs)        0001F
_T3CON                                    (abs)        00413
_T3CONbits                                (abs)        00413
_T3GCON                                   (abs)        00414
_TMR2                                     (abs)        0001D
_TMR2_Initialize                          text6        00B58
_TMR3H                                    (abs)        00412
_TMR3L                                    (abs)        00411
_TMR3_CallBack                            text42       00BB7
_TMR3_DefaultInterruptHandler             text45       007FE
_TMR3_ISR                                 text42       00BAE
_TMR3_Initialize                          text4        007E2
_TMR3_InterruptHandler                    bssBANK1     000A6
_TMR3_SetInterruptHandler                 cinit        003E4
_TMR3_StartTimer                          text1        00B4B
_TMR3_WriteTimer                          text42       00BC2
_TRISA                                    (abs)        0008C
_TRISB                                    (abs)        0008D
_TRISC                                    (abs)        0008E
_TRISCbits                                (abs)        0008E
_TimerInt                                 text46       00B48
_UpdateOut_GP1                            text48       00F91
_UpdateOut_GP2                            text48       00FA2
_UpdateOut_GP3                            text48       00FB3
_WDTCON                                   (abs)        00097
_WDT_Initialize                           text3        00B4E
_WPUA                                     (abs)        0020C
_WPUB                                     (abs)        0020D
_WPUBbits                                 (abs)        0020D
_WPUC                                     (abs)        0020E
_WPUCbits                                 (abs)        0020E
__CFG_BOREN$ON                            (abs)        00000
__CFG_BORV$LOW                            (abs)        00000
__CFG_CLKOUTEN$OFF                        (abs)        00000
__CFG_CP$OFF                              (abs)        00000
__CFG_CPD$OFF                             (abs)        00000
__CFG_CSWEN$ON                            (abs)        00000
__CFG_DEBUG$OFF                           (abs)        00000
__CFG_FCMEN$ON                            (abs)        00000
__CFG_FEXTOSC$OFF                         (abs)        00000
__CFG_LPBOREN$OFF                         (abs)        00000
__CFG_LVP$OFF                             (abs)        00000
__CFG_MCLRE$OFF                           (abs)        00000
__CFG_PPS1WAY$OFF                         (abs)        00000
__CFG_PWRTE$OFF                           (abs)        00000
__CFG_RSTOSC$HFINT32                      (abs)        00000
__CFG_STVREN$ON                           (abs)        00000
__CFG_WDTE$OFF                            (abs)        00000
__CFG_WRT$OFF                             (abs)        00000
__Habs1                                   abs1         00000
__Hbank0                                  bank0        00000
__Hbank1                                  bank1        00000
__Hbank10                                 bank10       00000
__Hbank11                                 bank11       00000
__Hbank12                                 bank12       00000
__Hbank13                                 bank13       00000
__Hbank14                                 bank14       00000
__Hbank15                                 bank15       00000
__Hbank16                                 bank16       00000
__Hbank17                                 bank17       00000
__Hbank18                                 bank18       00000
__Hbank19                                 bank19       00000
__Hbank2                                  bank2        00000
__Hbank20                                 bank20       00000
__Hbank21                                 bank21       00000
__Hbank22                                 bank22       00000
__Hbank23                                 bank23       00000
__Hbank24                                 bank24       00000
__Hbank25                                 bank25       00000
__Hbank26                                 bank26       00000
__Hbank27                                 bank27       00000
__Hbank28                                 bank28       00000
__Hbank29                                 bank29       00000
__Hbank3                                  bank3        00000
__Hbank30                                 bank30       00000
__Hbank31                                 bank31       00000
__Hbank4                                  bank4        00000
__Hbank5                                  bank5        00000
__Hbank6                                  bank6        00000
__Hbank7                                  bank7        00000
__Hbank8                                  bank8        00000
__Hbank9                                  bank9        00000
__Hbigram                                 bigram       00000
__HbssBANK0                               bssBANK0     00000
__HbssBANK1                               bssBANK1     00000
__HbssCOMMON                              bssCOMMON    00000
__Hcinit                                  cinit        00430
__Hclrtext                                clrtext      00000
__Hcode                                   code         00000
__Hcommon                                 common       00000
__Hconfig                                 config       0800B
__HcstackBANK0                            cstackBANK0  00000
__HcstackBANK1                            cstackBANK1  00000
__HcstackCOMMON                           cstackCOMMON 00000
__HdataBANK0                              dataBANK0    00000
__Heeprom_data                            eeprom_data  00000
__Hend_init                               end_init     00032
__Hfunctab                                functab      00000
__HidataBANK0                             idataBANK0   00000
__Hidloc                                  idloc        00000
__Hinit                                   init         00030
__Hintentry                               intentry     00030
__Hmaintext                               maintext     00000
__Hpa_nodes0                              pa_nodes0    00000
__Hpowerup                                powerup      00000
__Hram                                    ram          00000
__Hreset_vec                              reset_vec    00002
__Hsfr0                                   sfr0         00000
__Hsfr1                                   sfr1         00000
__Hsfr10                                  sfr10        00000
__Hsfr11                                  sfr11        00000
__Hsfr12                                  sfr12        00000
__Hsfr13                                  sfr13        00000
__Hsfr14                                  sfr14        00000
__Hsfr15                                  sfr15        00000
__Hsfr16                                  sfr16        00000
__Hsfr17                                  sfr17        00000
__Hsfr18                                  sfr18        00000
__Hsfr19                                  sfr19        00000
__Hsfr2                                   sfr2         00000
__Hsfr20                                  sfr20        00000
__Hsfr21                                  sfr21        00000
__Hsfr22                                  sfr22        00000
__Hsfr23                                  sfr23        00000
__Hsfr24                                  sfr24        00000
__Hsfr25                                  sfr25        00000
__Hsfr26                                  sfr26        00000
__Hsfr27                                  sfr27        00000
__Hsfr28                                  sfr28        00000
__Hsfr29                                  sfr29        00000
__Hsfr3                                   sfr3         00000
__Hsfr30                                  sfr30        00000
__Hsfr31                                  sfr31        00000
__Hsfr4                                   sfr4         00000
__Hsfr5                                   sfr5         00000
__Hsfr6                                   sfr6         00000
__Hsfr7                                   sfr7         00000
__Hsfr8                                   sfr8         00000
__Hsfr9                                   sfr9         00000
__Hspace_0                                (abs)        0800B
__Hspace_1                                (abs)        000BD
__Hspace_2                                (abs)        00000
__Hspace_3                                (abs)        00000
__Hstack                                  stack        00000
__Hstrings                                strings      00000
__Htext                                   text         00000
__Labs1                                   abs1         00000
__Lbank0                                  bank0        00000
__Lbank1                                  bank1        00000
__Lbank10                                 bank10       00000
__Lbank11                                 bank11       00000
__Lbank12                                 bank12       00000
__Lbank13                                 bank13       00000
__Lbank14                                 bank14       00000
__Lbank15                                 bank15       00000
__Lbank16                                 bank16       00000
__Lbank17                                 bank17       00000
__Lbank18                                 bank18       00000
__Lbank19                                 bank19       00000
__Lbank2                                  bank2        00000
__Lbank20                                 bank20       00000
__Lbank21                                 bank21       00000
__Lbank22                                 bank22       00000
__Lbank23                                 bank23       00000
__Lbank24                                 bank24       00000
__Lbank25                                 bank25       00000
__Lbank26                                 bank26       00000
__Lbank27                                 bank27       00000
__Lbank28                                 bank28       00000
__Lbank29                                 bank29       00000
__Lbank3                                  bank3        00000
__Lbank30                                 bank30       00000
__Lbank31                                 bank31       00000
__Lbank4                                  bank4        00000
__Lbank5                                  bank5        00000
__Lbank6                                  bank6        00000
__Lbank7                                  bank7        00000
__Lbank8                                  bank8        00000
__Lbank9                                  bank9        00000
__Lbigram                                 bigram       00000
__LbssBANK0                               bssBANK0     00000
__LbssBANK1                               bssBANK1     00000
__LbssCOMMON                              bssCOMMON    00000
__Lcinit                                  cinit        00032
__Lclrtext                                clrtext      00000
__Lcode                                   code         00000
__Lcommon                                 common       00000
__Lconfig                                 config       08007
__LcstackBANK0                            cstackBANK0  00000
__LcstackBANK1                            cstackBANK1  00000
__LcstackCOMMON                           cstackCOMMON 00000
__LdataBANK0                              dataBANK0    00000
__Leeprom_data                            eeprom_data  00000
__Lend_init                               end_init     00030
__Lfunctab                                functab      00000
__LidataBANK0                             idataBANK0   00000
__Lidloc                                  idloc        00000
__Linit                                   init         00030
__Lintentry                               intentry     00004
__Lmaintext                               maintext     00000
__Lpa_nodes0                              pa_nodes0    00000
__Lpowerup                                powerup      00000
__Lram                                    ram          00000
__Lreset_vec                              reset_vec    00000
__Lsfr0                                   sfr0         00000
__Lsfr1                                   sfr1         00000
__Lsfr10                                  sfr10        00000
__Lsfr11                                  sfr11        00000
__Lsfr12                                  sfr12        00000
__Lsfr13                                  sfr13        00000
__Lsfr14                                  sfr14        00000
__Lsfr15                                  sfr15        00000
__Lsfr16                                  sfr16        00000
__Lsfr17                                  sfr17        00000
__Lsfr18                                  sfr18        00000
__Lsfr19                                  sfr19        00000
__Lsfr2                                   sfr2         00000
__Lsfr20                                  sfr20        00000
__Lsfr21                                  sfr21        00000
__Lsfr22                                  sfr22        00000
__Lsfr23                                  sfr23        00000
__Lsfr24                                  sfr24        00000
__Lsfr25                                  sfr25        00000
__Lsfr26                                  sfr26        00000
__Lsfr27                                  sfr27        00000
__Lsfr28                                  sfr28        00000
__Lsfr29                                  sfr29        00000
__Lsfr3                                   sfr3         00000
__Lsfr30                                  sfr30        00000
__Lsfr31                                  sfr31        00000
__Lsfr4                                   sfr4         00000
__Lsfr5                                   sfr5         00000
__Lsfr6                                   sfr6         00000
__Lsfr7                                   sfr7         00000
__Lsfr8                                   sfr8         00000
__Lsfr9                                   sfr9         00000
__Lspace_0                                (abs)        00000
__Lspace_1                                (abs)        00000
__Lspace_2                                (abs)        00000
__Lspace_3                                (abs)        00000
__Lstack                                  stack        00000
__Lstrings                                strings      00000
__Ltext                                   text         00000
__S0                                      (abs)        0800B
__S1                                      (abs)        000BD
__S2                                      (abs)        00000
__S3                                      (abs)        00000
___fladd                                  text75       005AE
___fladd@a                                cstackCOMMON 00074
___fladd@aexp                             cstackCOMMON 00079
___fladd@b                                cstackCOMMON 00070
___fladd@bexp                             cstackCOMMON 0007A
___fladd@grs                              cstackCOMMON 0007B
___fladd@signs                            cstackCOMMON 00078
___flge                                   text75       0054C
___flge@ff1                               cstackCOMMON 00070
___flge@ff2                               cstackCOMMON 00074
___flsub                                  text75       00704
___flsub@a                                cstackBANK0  0005C
___flsub@b                                cstackBANK0  00060
___int_sp                                 stack        00000
___latbits                                (abs)        00002
___sp                                     stack        00000
___wmul                                   text48       00CF1
___wmul@multiplicand                      cstackCOMMON 00072
___wmul@multiplier                        cstackCOMMON 00070
___wmul@product                           cstackCOMMON 00074
__end_of_ADC_GetConversion                cinit        001DF
__end_of_ADC_Initialize                   cinit        001E7
__end_of_CLC1_ISR                         text75       00438
__end_of_CLC1_Initialize                  text13       00B94
__end_of_CLC2_ISR                         text75       00434
__end_of_CLC2_Initialize                  cinit        00414
__end_of_CLC_1_Interrupt                  text75       004C0
__end_of_CLC_2_Interrupt                  text75       00549
__end_of_ClearInterrupt                   cinit        0006B
__end_of_Config_GP1                       text48       00D70
__end_of_Config_GP2                       text48       00DFE
__end_of_Config_GP3                       text48       00E84
__end_of_DataInitSet                      cinit        0009F
__end_of_EncoderStatusUpdate              cinit        00267
__end_of_EncoderSwitch_GetValue           cinit        00274
__end_of_EncoderSwitch_GetValueFiltered   cinit        00262
__end_of_Encoder_FSM                      cinit        000B1
__end_of_Encoder_PushButton_FSM           cinit        00246
__end_of_FADE_GP1                         cinit        00355
__end_of_FADE_GP2                         cinit        0039A
__end_of_FADE_GP3                         cinit        003D4
__end_of_FADE_LEDS                        cinit        002ED
__end_of_FadeProcessClear                 cinit        002F6
__end_of_FadeProcessSet                   cinit        002FB
__end_of_GP1_FSM                          cinit        00119
__end_of_GP2_FSM                          cinit        00166
__end_of_GP3_FSM                          cinit        001B6
__end_of_GP_Ports_FSM                     cinit        000D2
__end_of_GPort_GP1_PWM                    cinit        00370
__end_of_GPort_GP2_PWM                    cinit        003AA
__end_of_GPort_GP3_PWM                    cinit        003E4
__end_of_GeneralDataSet                   text48       00F03
__end_of_GeneralDataSplit                 text48       00F91
__end_of_I2C1_AddressSet                  cinit        00427
__end_of_I2C1_ISR                         text47       00BAE
__end_of_I2C1_Initialize                  text10       00B7F
__end_of_I2C1_StatusCallback              text48       00C48
__end_of_INTERRUPT_InterruptManager       intentry     00030
__end_of_Int2StatusClear                  text48       00FEA
__end_of_Int2StatusUpdate                 cinit        001BC
__end_of_OSCILLATOR_Initialize            cinit        00430
__end_of_PIN_MANAGER_Initialize           text8        00C07
__end_of_PMD_Initialize                   text7        00B6E
__end_of_PWM1_Initialize                  text48       00E8F
__end_of_PWM2_Initialize                  text48       00FF4
__end_of_PWM3_Initialize                  text48       01000
__end_of_PWM4_Initialize                  text48       00E0A
__end_of_PWM5_Initialize                  text48       00D7A
__end_of_RGBEncoder_BLED                  cinit        0032B
__end_of_RGBEncoder_GLED                  cinit        0030B
__end_of_RGBEncoder_RLED                  cinit        0031B
__end_of_RGB_EncoderMode                  text48       00F3B
__end_of_RegisterRead                     text72       0078F
__end_of_RegisterWrite                    text48       00CF1
__end_of_STD_EncoderMode                  text48       00F52
__end_of_SYSTEM_Initialize                cinit        003FF
__end_of_SetInterrupt                     cinit        001C4
__end_of_StatusClear                      text48       00FE5
__end_of_TMR2_Initialize                  text6        00B60
__end_of_TMR3_CallBack                    text42       00BC2
__end_of_TMR3_DefaultInterruptHandler     text45       007FF
__end_of_TMR3_ISR                         text42       00BB7
__end_of_TMR3_Initialize                  text4        007FE
__end_of_TMR3_SetInterruptHandler         cinit        003E9
__end_of_TMR3_StartTimer                  text1        00B4E
__end_of_TMR3_WriteTimer                  text42       00BD1
__end_of_TimerInt                         text46       00B4B
__end_of_UpdateOut_GP1                    text48       00FA2
__end_of_UpdateOut_GP2                    text48       00FB3
__end_of_UpdateOut_GP3                    text48       00FC7
__end_of_WDT_Initialize                   text3        00B52
__end_of___fladd                          text75       006FD
__end_of___flge                           text75       005AE
__end_of___flsub                          text75       00721
__end_of___wmul                           text48       00D06
__end_of__initialization                  cinit        00046
__end_of_eeprom_read                      text72       0079E
__end_of_eeprom_write                     text48       00FE3
__end_of_main                             cinit        00068
__end_ofi1_ClearInterrupt                 text48       00FE8
__end_ofi1_EncoderStatusUpdate            text75       0054C
__end_ofi1_GPort_GP1_PWM                  text48       00D92
__end_ofi1_GPort_GP2_PWM                  text48       00E18
__end_ofi1_GPort_GP3_PWM                  text48       00E9C
__end_ofi1_SetInterrupt                   text75       00704
__initialization                          cinit        00032
__pbssBANK0                               bssBANK0     00020
__pbssBANK1                               bssBANK1     000A0
__pbssCOMMON                              bssCOMMON    0007C
__pcstackBANK0                            cstackBANK0  00054
__pcstackBANK1                            cstackBANK1  000B6
__pcstackCOMMON                           cstackCOMMON 00070
__pdataBANK0                              dataBANK0    00068
__pidataBANK0                             idataBANK0   00000
__pintentry                               intentry     00004
__pmaintext                               cinit        00049
__pswtext1                                swtext1      00850
__pswtext10                               swtext10     00800
__pswtext2                                swtext2      00858
__pswtext3                                swtext3      00860
__pswtext4                                swtext4      00844
__pswtext5                                swtext5      00868
__pswtext6                                swtext6      0079E
__pswtext7                                swtext7      00870
__pswtext8                                swtext8      00878
__pswtext9                                swtext9      00880
__ptext1                                  text1        00B4B
__ptext10                                 text10       00B6E
__ptext11                                 cinit        00414
__ptext12                                 cinit        003FF
__ptext13                                 text13       00B7F
__ptext14                                 cinit        000B1
__ptext15                                 cinit        00166
__ptext16                                 cinit        00119
__ptext17                                 cinit        000D2
__ptext18                                 cinit        001DF
__ptext19                                 cinit        001C4
__ptext2                                  cinit        003E9
__ptext20                                 cinit        003AA
__ptext21                                 cinit        003D4
__ptext22                                 cinit        00370
__ptext23                                 cinit        0039A
__ptext24                                 cinit        0032B
__ptext25                                 cinit        00355
__ptext26                                 cinit        0009F
__ptext27                                 cinit        00274
__ptext28                                 cinit        0030B
__ptext29                                 cinit        002FB
__ptext3                                  text3        00B4E
__ptext30                                 cinit        0031B
__ptext31                                 cinit        002F6
__ptext32                                 cinit        002ED
__ptext33                                 cinit        001B6
__ptext34                                 cinit        001E7
__ptext35                                 cinit        001BC
__ptext36                                 cinit        00246
__ptext37                                 cinit        00267
__ptext38                                 cinit        00262
__ptext39                                 cinit        0006B
__ptext4                                  text4        007E2
__ptext40                                 cinit        00068
__ptext42                                 text42       00BAE
__ptext43                                 text42       00BC2
__ptext44                                 text42       00BB7
__ptext45                                 text45       007FE
__ptext46                                 text46       00B48
__ptext47                                 text47       00B94
__ptext48                                 text48       00C07
__ptext49                                 text48       00FE5
__ptext5                                  cinit        003E4
__ptext50                                 text48       00FE3
__ptext51                                 text48       00C48
__ptext52                                 text48       00FC7
__ptext53                                 text48       00CF1
__ptext54                                 text48       00FB3
__ptext55                                 text48       00FA2
__ptext56                                 text48       00F91
__ptext57                                 text48       00F52
__ptext58                                 text48       00E9C
__ptext59                                 text48       00F3B
__ptext6                                  text6        00B58
__ptext60                                 text48       00F03
__ptext61                                 text48       00FF4
__ptext62                                 text48       00FEA
__ptext63                                 text48       00E18
__ptext64                                 text48       00E8F
__ptext65                                 text48       00E84
__ptext66                                 text48       00D92
__ptext67                                 text48       00E0A
__ptext68                                 text48       00DFE
__ptext69                                 text48       00D06
__ptext7                                  text7        00B60
__ptext70                                 text48       00D7A
__ptext71                                 text48       00D70
__ptext72                                 text72       00721
__ptext73                                 text72       0078F
__ptext74                                 text48       00FE8
__ptext75                                 text75       00430
__ptext76                                 text75       004C0
__ptext77                                 text75       00704
__ptext78                                 text75       00434
__ptext79                                 text75       00438
__ptext8                                  text8        00BD1
__ptext80                                 text75       006FD
__ptext81                                 text75       00549
__ptext82                                 text75       0054C
__ptext83                                 text75       005AE
__ptext9                                  cinit        00427
__size_of_ADC_GetConversion               (abs)        00000
__size_of_ADC_Initialize                  (abs)        00000
__size_of_CLC1_ISR                        (abs)        00000
__size_of_CLC1_Initialize                 (abs)        00000
__size_of_CLC2_ISR                        (abs)        00000
__size_of_CLC2_Initialize                 (abs)        00000
__size_of_CLC_1_Interrupt                 (abs)        00000
__size_of_CLC_2_Interrupt                 (abs)        00000
__size_of_ClearInterrupt                  (abs)        00000
__size_of_Config_GP1                      (abs)        00000
__size_of_Config_GP2                      (abs)        00000
__size_of_Config_GP3                      (abs)        00000
__size_of_DataInitSet                     (abs)        00000
__size_of_EncoderStatusUpdate             (abs)        00000
__size_of_EncoderSwitch_GetValue          (abs)        00000
__size_of_EncoderSwitch_GetValueFiltered  (abs)        00000
__size_of_Encoder_FSM                     (abs)        00000
__size_of_Encoder_PushButton_FSM          (abs)        00000
__size_of_FADE_GP1                        (abs)        00000
__size_of_FADE_GP2                        (abs)        00000
__size_of_FADE_GP3                        (abs)        00000
__size_of_FADE_LEDS                       (abs)        00000
__size_of_FadeProcessClear                (abs)        00000
__size_of_FadeProcessSet                  (abs)        00000
__size_of_GP1_FSM                         (abs)        00000
__size_of_GP2_FSM                         (abs)        00000
__size_of_GP3_FSM                         (abs)        00000
__size_of_GP_Ports_FSM                    (abs)        00000
__size_of_GPort_GP1_PWM                   (abs)        00000
__size_of_GPort_GP2_PWM                   (abs)        00000
__size_of_GPort_GP3_PWM                   (abs)        00000
__size_of_GeneralDataSet                  (abs)        00000
__size_of_GeneralDataSplit                (abs)        00000
__size_of_I2C1_AddressSet                 (abs)        00000
__size_of_I2C1_ISR                        (abs)        00000
__size_of_I2C1_Initialize                 (abs)        00000
__size_of_I2C1_StatusCallback             (abs)        00000
__size_of_INTERRUPT_InterruptManager      (abs)        00000
__size_of_Int2StatusClear                 (abs)        00000
__size_of_Int2StatusUpdate                (abs)        00000
__size_of_OSCILLATOR_Initialize           (abs)        00000
__size_of_PIN_MANAGER_Initialize          (abs)        00000
__size_of_PMD_Initialize                  (abs)        00000
__size_of_PWM1_Initialize                 (abs)        00000
__size_of_PWM2_Initialize                 (abs)        00000
__size_of_PWM3_Initialize                 (abs)        00000
__size_of_PWM4_Initialize                 (abs)        00000
__size_of_PWM5_Initialize                 (abs)        00000
__size_of_RGBEncoder_BLED                 (abs)        00000
__size_of_RGBEncoder_GLED                 (abs)        00000
__size_of_RGBEncoder_RLED                 (abs)        00000
__size_of_RGB_EncoderMode                 (abs)        00000
__size_of_RegisterRead                    (abs)        00000
__size_of_RegisterWrite                   (abs)        00000
__size_of_STD_EncoderMode                 (abs)        00000
__size_of_SYSTEM_Initialize               (abs)        00000
__size_of_SetInterrupt                    (abs)        00000
__size_of_StatusClear                     (abs)        00000
__size_of_TMR2_Initialize                 (abs)        00000
__size_of_TMR3_CallBack                   (abs)        00000
__size_of_TMR3_DefaultInterruptHandler    (abs)        00000
__size_of_TMR3_ISR                        (abs)        00000
__size_of_TMR3_Initialize                 (abs)        00000
__size_of_TMR3_SetInterruptHandler        (abs)        00000
__size_of_TMR3_StartTimer                 (abs)        00000
__size_of_TMR3_WriteTimer                 (abs)        00000
__size_of_TimerInt                        (abs)        00000
__size_of_UpdateOut_GP1                   (abs)        00000
__size_of_UpdateOut_GP2                   (abs)        00000
__size_of_UpdateOut_GP3                   (abs)        00000
__size_of_WDT_Initialize                  (abs)        00000
__size_of___fladd                         (abs)        00000
__size_of___flge                          (abs)        00000
__size_of___flsub                         (abs)        00000
__size_of___wmul                          (abs)        00000
__size_of_eeprom_read                     (abs)        00000
__size_of_eeprom_write                    (abs)        00000
__size_of_main                            (abs)        00000
__size_ofi1_ClearInterrupt                (abs)        00000
__size_ofi1_EncoderStatusUpdate           (abs)        00000
__size_ofi1_GPort_GP1_PWM                 (abs)        00000
__size_ofi1_GPort_GP2_PWM                 (abs)        00000
__size_ofi1_GPort_GP3_PWM                 (abs)        00000
__size_ofi1_SetInterrupt                  (abs)        00000
_double_push_cnt                          bssBANK1     000A2
_eeprom_read                              text72       0078F
_eeprom_write                             text48       00FC7
_en_deb                                   bssBANK1     000A0
_en_prev                                  bssBANK1     000AB
_fade_cnt                                 bssBANK1     000AC
_fsm_tmr                                  bssBANK1     000B5
_gp1_fsm                                  bssBANK1     000B1
_gp2_fsm                                  bssBANK1     000B0
_gp3_fsm                                  bssBANK1     000AF
_gp_fade_cnt                              bssBANK0     00035
_gp_timer                                 bssBANK1     000B2
_i2c_address                              bssBANK0     00053
_int2clear                                bssBANK0     00039
_intclear                                 bssBANK0     0003A
_main                                     cinit        00049
_pb_cnt                                   bssBANK1     000AD
_pb_fsm                                   bssBANK1     000AE
_temp_blu                                 bssBANK0     00032
_temp_gp1                                 bssBANK0     00038
_temp_gp2                                 bssBANK0     00037
_temp_gp3                                 bssBANK0     00036
_temp_green                               bssBANK0     00033
_temp_red                                 bssBANK0     00034
_timer3ReloadVal                          bssBANK1     000A8
btemp                                     (abs)        0007E
clear_ram0                                clrtext      00B52
eeprom_read@addr                          cstackCOMMON 00070
eeprom_write@addr                         cstackCOMMON 00071
eeprom_write@value                        cstackCOMMON 00070
end_of_initialization                     cinit        00046
i1EncoderStatusUpdate@stat                cstackCOMMON 00070
i1GPort_GP1_PWM@duty                      cstackCOMMON 00071
i1GPort_GP2_PWM@duty                      cstackCOMMON 00070
i1GPort_GP3_PWM@duty                      cstackCOMMON 00070
i1_ClearInterrupt                         text48       00FE5
i1_EncoderStatusUpdate                    text75       00549
i1_GPort_GP1_PWM                          text48       00D7A
i1_GPort_GP2_PWM                          text48       00E0A
i1_GPort_GP3_PWM                          text48       00E8F
i1_SetInterrupt                           text75       006FD
int$flags                                 (abs)        0007E
intlevel0                                 functab      00000
intlevel1                                 functab      00000
intlevel2                                 functab      00000
intlevel3                                 functab      00000
intlevel4                                 functab      00000
intlevel5                                 functab      00000
reset_vec                                 reset_vec    00000
stackhi                                   (abs)        023EF
stacklo                                   (abs)        0206D
start                                     init         00030
start_initialization                      cinit        00032
wtemp0                                    (abs)        0007E


FUNCTION INFORMATION:

 *************** function _main *****************
 Defined at:
		line 80 in file "main.c"
 Parameters:    Size  Location     Type
		None
 Auto vars:     Size  Location     Type
		None
 Return value:  Size  Location     Type
                  1    wreg      void 
 Registers used:
		wreg, fsr0l, fsr0h, status,2, status,0, pclath, cstack
 Tracked objects:
		On entry : 
		On exit  : 
		Unchanged: 
 Data sizes:     COMMON   BANK0   BANK1   BANK2   BANK3   BANK4   BANK5   BANK6   BANK7   BANK8   BANK9  BANK10  BANK11  BANK12
      Params:         0       0       0       0       0       0       0       0       0       0       0       0       0       0
      Locals:         0       0       0       0       0       0       0       0       0       0       0       0       0       0
      Temps:          0       0       0       0       0       0       0       0       0       0       0       0       0       0
      Totals:         0       0       0       0       0       0       0       0       0       0       0       0       0       0
Total ram usage:        0 bytes
 Hardware stack levels required when called:   12
 This function calls:
		_ClearInterrupt
		_DataInitSet
		_Encoder_FSM
		_GP_Ports_FSM
		_SYSTEM_Initialize
		_TMR3_SetInterruptHandler
		_TMR3_StartTimer
 This function is called by:
		Startup code after reset
 This function uses a non-reentrant model


 *************** function _TMR3_StartTimer *****************
 Defined at:
		line 93 in file "mcc_generated_files/tmr3.c"
 Parameters:    Size  Location     Type
		None
 Auto vars:     Size  Location     Type
		None
 Return value:  Size  Location     Type
                  1    wreg      void 
 Registers used:
		None
 Tracked objects:
		On entry : 
		On exit  : 
		Unchanged: 
 Data sizes:     COMMON   BANK0   BANK1   BANK2   BANK3   BANK4   BANK5   BANK6   BANK7   BANK8   BANK9  BANK10  BANK11  BANK12
      Params:         0       0       0       0       0       0       0       0       0       0       0       0       0       0
      Locals:         0       0       0       0       0       0       0       0       0       0       0       0       0       0
      Temps:          0       0       0       0       0       0       0       0       0       0       0       0       0       0
      Totals:         0       0       0       0       0       0       0       0       0       0       0       0       0       0
Total ram usage:        0 bytes
 Hardware stack levels used:    1
 Hardware stack levels required when called:    7
 This function calls:
		Nothing
 This function is called by:
		_main
 This function uses a non-reentrant model


 *************** function _SYSTEM_Initialize *****************
 Defined at:
		line 50 in file "mcc_generated_files/mcc.c"
 Parameters:    Size  Location     Type
		None
 Auto vars:     Size  Location     Type
		None
 Return value:  Size  Location     Type
                  1    wreg      void 
 Registers used:
		wreg, status,2, status,0, pclath, cstack
 Tracked objects:
		On entry : 
		On exit  : 
		Unchanged: 
 Data sizes:     COMMON   BANK0   BANK1   BANK2   BANK3   BANK4   BANK5   BANK6   BANK7   BANK8   BANK9  BANK10  BANK11  BANK12
      Params:         0       0       0       0       0       0       0       0       0       0       0       0       0       0
      Locals:         0       0       0       0       0       0       0       0       0       0       0       0       0       0
      Temps:          0       0       0       0       0       0       0       0       0       0       0       0       0       0
      Totals:         0       0       0       0       0       0       0       0       0       0       0       0       0       0
Total ram usage:        0 bytes
 Hardware stack levels used:    1
 Hardware stack levels required when called:    9
 This function calls:
		_CLC1_Initialize
		_CLC2_Initialize
		_I2C1_AddressSet
		_I2C1_Initialize
		_OSCILLATOR_Initialize
		_PIN_MANAGER_Initialize
		_PMD_Initialize
		_TMR2_Initialize
		_TMR3_Initialize
		_WDT_Initialize
 This function is called by:
		_main
 This function uses a non-reentrant model


 *************** function _WDT_Initialize *****************
 Defined at:
		line 80 in file "mcc_generated_files/mcc.c"
 Parameters:    Size  Location     Type
		None
 Auto vars:     Size  Location     Type
		None
 Return value:  Size  Location     Type
                  1    wreg      void 
 Registers used:
		wreg
 Tracked objects:
		On entry : 
		On exit  : 
		Unchanged: 
 Data sizes:     COMMON   BANK0   BANK1   BANK2   BANK3   BANK4   BANK5   BANK6   BANK7   BANK8   BANK9  BANK10  BANK11  BANK12
      Params:         0       0       0       0       0       0       0       0       0       0       0       0       0       0
      Locals:         0       0       0       0       0       0       0       0       0       0       0       0       0       0
      Temps:          0       0       0       0       0       0       0       0       0       0       0       0       0       0
      Totals:         0       0       0       0       0       0       0       0       0       0       0       0       0       0
Total ram usage:        0 bytes
 Hardware stack levels used:    1
 Hardware stack levels required when called:    7
 This function calls:
		Nothing
 This function is called by:
		_SYSTEM_Initialize
 This function uses a non-reentrant model


 *************** function _TMR3_Initialize *****************
 Defined at:
		line 64 in file "mcc_generated_files/tmr3.c"
 Parameters:    Size  Location     Type
		None
 Auto vars:     Size  Location     Type
		None
 Return value:  Size  Location     Type
                  1    wreg      void 
 Registers used:
		wreg, status,2, status,0, pclath, cstack
 Tracked objects:
		On entry : 
		On exit  : 
		Unchanged: 
 Data sizes:     COMMON   BANK0   BANK1   BANK2   BANK3   BANK4   BANK5   BANK6   BANK7   BANK8   BANK9  BANK10  BANK11  BANK12
      Params:         0       0       0       0       0       0       0       0       0       0       0       0       0       0
      Locals:         0       0       0       0       0       0       0       0       0       0       0       0       0       0
      Temps:          0       0       0       0       0       0       0       0       0       0       0       0       0       0
      Totals:         0       0       0       0       0       0       0       0       0       0       0       0       0       0
Total ram usage:        0 bytes
 Hardware stack levels used:    1
 Hardware stack levels required when called:    8
 This function calls:
		_TMR3_SetInterruptHandler
 This function is called by:
		_SYSTEM_Initialize
 This function uses a non-reentrant model


 *************** function _TMR3_SetInterruptHandler *****************
 Defined at:
		line 178 in file "mcc_generated_files/tmr3.c"
 Parameters:    Size  Location     Type
  InterruptHan    2    0[BANK1 ] PTR FTN()void 
		 -> TimerInt(1), TMR3_DefaultInterruptHandler(1), 
 Auto vars:     Size  Location     Type
		None
 Return value:  Size  Location     Type
                  1    wreg      void 
 Registers used:
		wreg
 Tracked objects:
		On entry : 
		On exit  : 
		Unchanged: 
 Data sizes:     COMMON   BANK0   BANK1   BANK2   BANK3   BANK4   BANK5   BANK6   BANK7   BANK8   BANK9  BANK10  BANK11  BANK12
      Params:         0       0       2       0       0       0       0       0       0       0       0       0       0       0
      Locals:         0       0       0       0       0       0       0       0       0       0       0       0       0       0
      Temps:          0       0       0       0       0       0       0       0       0       0       0       0       0       0
      Totals:         0       0       2       0       0       0       0       0       0       0       0       0       0       0
Total ram usage:        2 bytes
 Hardware stack levels used:    1
 Hardware stack levels required when called:    7
 This function calls:
		Nothing
 This function is called by:
		_TMR3_Initialize
		_main
 This function uses a non-reentrant model


 *************** function _TMR2_Initialize *****************
 Defined at:
		line 62 in file "mcc_generated_files/tmr2.c"
 Parameters:    Size  Location     Type
		None
 Auto vars:     Size  Location     Type
		None
 Return value:  Size  Location     Type
                  1    wreg      void 
 Registers used:
		wreg, status,2
 Tracked objects:
		On entry : 
		On exit  : 
		Unchanged: 
 Data sizes:     COMMON   BANK0   BANK1   BANK2   BANK3   BANK4   BANK5   BANK6   BANK7   BANK8   BANK9  BANK10  BANK11  BANK12
      Params:         0       0       0       0       0       0       0       0       0       0       0       0       0       0
      Locals:         0       0       0       0       0       0       0       0       0       0       0       0       0       0
      Temps:          0       0       0       0       0       0       0       0       0       0       0       0       0       0
      Totals:         0       0       0       0       0       0       0       0       0       0       0       0       0       0
Total ram usage:        0 bytes
 Hardware stack levels used:    1
 Hardware stack levels required when called:    7
 This function calls:
		Nothing
 This function is called by:
		_SYSTEM_Initialize
 This function uses a non-reentrant model


 *************** function _PMD_Initialize *****************
 Defined at:
		line 86 in file "mcc_generated_files/mcc.c"
 Parameters:    Size  Location     Type
		None
 Auto vars:     Size  Location     Type
		None
 Return value:  Size  Location     Type
                  1    wreg      void 
 Registers used:
		wreg
 Tracked objects:
		On entry : 
		On exit  : 
		Unchanged: 
 Data sizes:     COMMON   BANK0   BANK1   BANK2   BANK3   BANK4   BANK5   BANK6   BANK7   BANK8   BANK9  BANK10  BANK11  BANK12
      Params:         0       0       0       0       0       0       0       0       0       0       0       0       0       0
      Locals:         0       0       0       0       0       0       0       0       0       0       0       0       0       0
      Temps:          0       0       0       0       0       0       0       0       0       0       0       0       0       0
      Totals:         0       0       0       0       0       0       0       0       0       0       0       0       0       0
Total ram usage:        0 bytes
 Hardware stack levels used:    1
 Hardware stack levels required when called:    7
 This function calls:
		Nothing
 This function is called by:
		_SYSTEM_Initialize
 This function uses a non-reentrant model


 *************** function _PIN_MANAGER_Initialize *****************
 Defined at:
		line 57 in file "mcc_generated_files/pin_manager.c"
 Parameters:    Size  Location     Type
		None
 Auto vars:     Size  Location     Type
		None
 Return value:  Size  Location     Type
[...]
Total ram usage:        1 bytes
 Hardware stack levels used:    1
 This function calls:
		Nothing
 This function is called by:
		_RegisterRead
 This function uses a non-reentrant model


 *************** function _Int2StatusClear *****************
 Defined at:
		line 133 in file "DataVariable.c"
 Parameters:    Size  Location     Type
		None
 Auto vars:     Size  Location     Type
		None
 Return value:  Size  Location     Type
                  1    wreg      void 
 Registers used:
		status,2
 Tracked objects:
		On entry : 
		On exit  : 
		Unchanged: 
 Data sizes:     COMMON   BANK0   BANK1   BANK2   BANK3   BANK4   BANK5   BANK6   BANK7   BANK8   BANK9  BANK10  BANK11  BANK12
      Params:         0       0       0       0       0       0       0       0       0       0       0       0       0       0
      Locals:         0       0       0       0       0       0       0       0       0       0       0       0       0       0
      Temps:          0       0       0       0       0       0       0       0       0       0       0       0       0       0
      Totals:         0       0       0       0       0       0       0       0       0       0       0       0       0       0
Total ram usage:        0 bytes
 Hardware stack levels used:    1
 This function calls:
		Nothing
 This function is called by:
		_I2C1_StatusCallback
 This function uses a non-reentrant model


 *************** function _CLC2_ISR *****************
 Defined at:
		line 89 in file "mcc_generated_files/clc2.c"
 Parameters:    Size  Location     Type
		None
 Auto vars:     Size  Location     Type
		None
 Return value:  Size  Location     Type
                  1    wreg      void 
 Registers used:
		wreg, status,2, status,0, pclath, cstack
 Tracked objects:
		On entry : 
		On exit  : 
		Unchanged: 
 Data sizes:     COMMON   BANK0   BANK1   BANK2   BANK3   BANK4   BANK5   BANK6   BANK7   BANK8   BANK9  BANK10  BANK11  BANK12
      Params:         0       0       0       0       0       0       0       0       0       0       0       0       0       0
      Locals:         0       0       0       0       0       0       0       0       0       0       0       0       0       0
      Temps:          0       0       0       0       0       0       0       0       0       0       0       0       0       0
      Totals:         0       0       0       0       0       0       0       0       0       0       0       0       0       0
Total ram usage:        0 bytes
 Hardware stack levels used:    1
 Hardware stack levels required when called:    3
 This function calls:
		_CLC_2_Interrupt
 This function is called by:
		_INTERRUPT_InterruptManager
 This function uses a non-reentrant model


 *************** function _CLC_2_Interrupt *****************
 Defined at:
		line 103 in file "Encoder.c"
 Parameters:    Size  Location     Type
		None
 Auto vars:     Size  Location     Type
		None
 Return value:  Size  Location     Type
                  1    wreg      void 
 Registers used:
		wreg, status,2, status,0, pclath, cstack
 Tracked objects:
		On entry : 
		On exit  : 
		Unchanged: 
 Data sizes:     COMMON   BANK0   BANK1   BANK2   BANK3   BANK4   BANK5   BANK6   BANK7   BANK8   BANK9  BANK10  BANK11  BANK12
      Params:         0       0       0       0       0       0       0       0       0       0       0       0       0       0
      Locals:         0       0       0       0       0       0       0       0       0       0       0       0       0       0
      Temps:          0       4       0       0       0       0       0       0       0       0       0       0       0       0
      Totals:         0       4       0       0       0       0       0       0       0       0       0       0       0       0
Total ram usage:        4 bytes
 Hardware stack levels used:    1
 Hardware stack levels required when called:    2
 This function calls:
		___flge
		___flsub
		i1_EncoderStatusUpdate
		i1_SetInterrupt
 This function is called by:
		_CLC2_ISR
 This function uses a non-reentrant model


 *************** function ___flsub *****************
 Defined at:
		line 242 in file "C:\Program Files (x86)\Microchip\xc8\v2.00\pic\sources\c90\common\sprcadd.c"
 Parameters:    Size  Location     Type
  a               4    8[BANK0 ] void 
  b               4   12[BANK0 ] void 
 Auto vars:     Size  Location     Type
		None
 Return value:  Size  Location     Type
                  4    8[BANK0 ] void 
 Registers used:
		wreg, status,2, status,0, pclath, cstack
 Tracked objects:
		On entry : 
		On exit  : 
		Unchanged: 
 Data sizes:     COMMON   BANK0   BANK1   BANK2   BANK3   BANK4   BANK5   BANK6   BANK7   BANK8   BANK9  BANK10  BANK11  BANK12
      Params:         0       8       0       0       0       0       0       0       0       0       0       0       0       0
      Locals:         0       0       0       0       0       0       0       0       0       0       0       0       0       0
      Temps:          0       0       0       0       0       0       0       0       0       0       0       0       0       0
      Totals:         0       8       0       0       0       0       0       0       0       0       0       0       0       0
Total ram usage:        8 bytes
 Hardware stack levels used:    1
 Hardware stack levels required when called:    1
 This function calls:
		___fladd
 This function is called by:
		_CLC_2_Interrupt
 This function uses a non-reentrant model


 *************** function _CLC1_ISR *****************
 Defined at:
		line 89 in file "mcc_generated_files/clc1.c"
 Parameters:    Size  Location     Type
		None
 Auto vars:     Size  Location     Type
		None
 Return value:  Size  Location     Type
                  1    wreg      void 
 Registers used:
		wreg, status,2, status,0, pclath, cstack
 Tracked objects:
		On entry : 
		On exit  : 
		Unchanged: 
 Data sizes:     COMMON   BANK0   BANK1   BANK2   BANK3   BANK4   BANK5   BANK6   BANK7   BANK8   BANK9  BANK10  BANK11  BANK12
      Params:         0       0       0       0       0       0       0       0       0       0       0       0       0       0
      Locals:         0       0       0       0       0       0       0       0       0       0       0       0       0       0
      Temps:          0       0       0       0       0       0       0       0       0       0       0       0       0       0
      Totals:         0       0       0       0       0       0       0       0       0       0       0       0       0       0
Total ram usage:        0 bytes
 Hardware stack levels used:    1
 Hardware stack levels required when called:    2
 This function calls:
		_CLC_1_Interrupt
 This function is called by:
		_INTERRUPT_InterruptManager
 This function uses a non-reentrant model


 *************** function _CLC_1_Interrupt *****************
 Defined at:
		line 61 in file "Encoder.c"
 Parameters:    Size  Location     Type
		None
 Auto vars:     Size  Location     Type
		None
 Return value:  Size  Location     Type
                  1    wreg      void 
 Registers used:
		wreg, status,2, status,0, pclath, cstack
 Tracked objects:
		On entry : 
		On exit  : 
		Unchanged: 
 Data sizes:     COMMON   BANK0   BANK1   BANK2   BANK3   BANK4   BANK5   BANK6   BANK7   BANK8   BANK9  BANK10  BANK11  BANK12
      Params:         0       0       0       0       0       0       0       0       0       0       0       0       0       0
      Locals:         0       0       0       0       0       0       0       0       0       0       0       0       0       0
      Temps:          0       4       0       0       0       0       0       0       0       0       0       0       0       0
      Totals:         0       4       0       0       0       0       0       0       0       0       0       0       0       0
Total ram usage:        4 bytes
 Hardware stack levels used:    1
 Hardware stack levels required when called:    1
 This function calls:
		___fladd
		___flge
		i1_EncoderStatusUpdate
		i1_SetInterrupt
 This function is called by:
		_CLC1_ISR
 This function uses a non-reentrant model


 *************** function i1_SetInterrupt *****************
 Defined at:
		line 56 in file "main.c"
 Parameters:    Size  Location     Type
		None
 Auto vars:     Size  Location     Type
		None
 Return value:  Size  Location     Type
                  1    wreg      void 
 Registers used:
		wreg, status,2, status,0
 Tracked objects:
		On entry : 
		On exit  : 
		Unchanged: 
 Data sizes:     COMMON   BANK0   BANK1   BANK2   BANK3   BANK4   BANK5   BANK6   BANK7   BANK8   BANK9  BANK10  BANK11  BANK12
      Params:         0       0       0       0       0       0       0       0       0       0       0       0       0       0
      Locals:         0       0       0       0       0       0       0       0       0       0       0       0       0       0
      Temps:          0       0       0       0       0       0       0       0       0       0       0       0       0       0
      Totals:         0       0       0       0       0       0       0       0       0       0       0       0       0       0
Total ram usage:        0 bytes
 Hardware stack levels used:    1
 This function calls:
		Nothing
 This function is called by:
		_CLC_1_Interrupt
		_CLC_2_Interrupt
 This function uses a non-reentrant model


 *************** function i1_EncoderStatusUpdate *****************
 Defined at:
		line 109 in file "DataVariable.c"
 Parameters:    Size  Location     Type
  stat            1    wreg     enum E69
 Auto vars:     Size  Location     Type
  stat            1    0[COMMON] enum E69
 Return value:  Size  Location     Type
                  1    wreg      void 
 Registers used:
		wreg, status,2, status,0
 Tracked objects:
		On entry : 
		On exit  : 
		Unchanged: 
 Data sizes:     COMMON   BANK0   BANK1   BANK2   BANK3   BANK4   BANK5   BANK6   BANK7   BANK8   BANK9  BANK10  BANK11  BANK12
      Params:         0       0       0       0       0       0       0       0       0       0       0       0       0       0
      Locals:         1       0       0       0       0       0       0       0       0       0       0       0       0       0
      Temps:          0       0       0       0       0       0       0       0       0       0       0       0       0       0
      Totals:         1       0       0       0       0       0       0       0       0       0       0       0       0       0
Total ram usage:        1 bytes
 Hardware stack levels used:    1
 This function calls:
		Nothing
 This function is called by:
		_CLC_1_Interrupt
		_CLC_2_Interrupt
 This function uses a non-reentrant model


 *************** function ___flge *****************
 Defined at:
		line 4 in file "C:\Program Files (x86)\Microchip\xc8\v2.00\pic\sources\c90\common\flge.c"
 Parameters:    Size  Location     Type
  ff1             4    0[COMMON] void 
  ff2             4    4[COMMON] void 
 Auto vars:     Size  Location     Type
		None
 Return value:  Size  Location     Type
		None               void
 Registers used:
		wreg, status,2, status,0
 Tracked objects:
		On entry : 
		On exit  : 
		Unchanged: 
 Data sizes:     COMMON   BANK0   BANK1   BANK2   BANK3   BANK4   BANK5   BANK6   BANK7   BANK8   BANK9  BANK10  BANK11  BANK12
      Params:         8       0       0       0       0       0       0       0       0       0       0       0       0       0
      Locals:         0       0       0       0       0       0       0       0       0       0       0       0       0       0
      Temps:          4       0       0       0       0       0       0       0       0       0       0       0       0       0
      Totals:        12       0       0       0       0       0       0       0       0       0       0       0       0       0
Total ram usage:       12 bytes
 Hardware stack levels used:    1
 This function calls:
		Nothing
 This function is called by:
		_CLC_1_Interrupt
		_CLC_2_Interrupt
 This function uses a non-reentrant model


 *************** function ___fladd *****************
 Defined at:
		line 10 in file "C:\Program Files (x86)\Microchip\xc8\v2.00\pic\sources\c90\common\sprcadd.c"
 Parameters:    Size  Location     Type
  b               4    0[COMMON] void 
  a               4    4[COMMON] void 
 Auto vars:     Size  Location     Type
  grs             1   11[COMMON] unsigned char 
  bexp            1   10[COMMON] unsigned char 
  aexp            1    9[COMMON] unsigned char 
  signs           1    8[COMMON] unsigned char 
 Return value:  Size  Location     Type
                  4    0[COMMON] unsigned char 
 Registers used:
		wreg, status,2, status,0
 Tracked objects:
		On entry : 
		On exit  : 
		Unchanged: 
 Data sizes:     COMMON   BANK0   BANK1   BANK2   BANK3   BANK4   BANK5   BANK6   BANK7   BANK8   BANK9  BANK10  BANK11  BANK12
      Params:         8       0       0       0       0       0       0       0       0       0       0       0       0       0
      Locals:         4       0       0       0       0       0       0       0       0       0       0       0       0       0
      Temps:          0       8       0       0       0       0       0       0       0       0       0       0       0       0
      Totals:        12       8       0       0       0       0       0       0       0       0       0       0       0       0
Total ram usage:       20 bytes
 Hardware stack levels used:    1
 This function calls:
		Nothing
 This function is called by:
		_CLC_1_Interrupt
		___flsub
 This function uses a non-reentrant model



MODULE INFORMATION

Module		Function		Class		Link	Load	Size
DataVariable.c
		_EncoderStatusUpdate		CODE           	0262	0000	6
		_FadeProcessClear		CODE           	02ED	0000	10
		_StatusClear   		CODE           	0FE3	0000	3
		_FadeProcessSet		CODE           	02F6	0000	6
		_Int2StatusUpdate		CODE           	01B6	0000	7
		_GeneralDataSplit		CODE           	0F52	0000	64
		_DataInitSet   		CODE           	006B	0000	53
		_Int2StatusClear		CODE           	0FE8	0000	3

DataVariable.c estimated size: 152

mcc_generated_files/pwm4.c
		_PWM4_Initialize		CODE           	0DFE	0000	13

mcc_generated_files/pwm4.c estimated size: 13

mcc_generated_files/tmr2.c
		_TMR2_Initialize		CODE           	0B58	0000	9

mcc_generated_files/tmr2.c estimated size: 9

mcc_generated_files/interrupt_manager.c
		_INTERRUPT_InterruptManager		CODE           	0004	0000	45

mcc_generated_files/interrupt_manager.c estimated size: 45

mcc_generated_files/pwm2.c
		_PWM2_Initialize		CODE           	0FEA	0000	11

mcc_generated_files/pwm2.c estimated size: 11

mcc_generated_files/i2c1.c
		_I2C1_ISR      		CODE           	0B94	0000	27
		_I2C1_Initialize		CODE           	0B6E	0000	18

mcc_generated_files/i2c1.c estimated size: 45

C:\Program Files (x86)\Microchip\xc8\v2.00\pic\sources\c90\common\Umul16.c
		___wmul        		CODE           	0CF1	0000	22

C:\Program Files (x86)\Microchip\xc8\v2.00\pic\sources\c90\common\Umul16.c estimated size: 22

mcc_generated_files/pin_manager.c
		_PIN_MANAGER_Initialize		CODE           	0BD1	0000	55

mcc_generated_files/pin_manager.c estimated size: 55

i2c_register.c
		_I2C1_AddressSet		CODE           	0414	0000	20
		_I2C1_StatusCallback		CODE           	0C07	0000	66
		_RegisterRead  		CODE           	0721	0000	111
		_RegisterWrite 		CODE           	0C48	0000	170
		_GeneralDataSet		CODE           	0E9C	0000	104

i2c_register.c estimated size: 471

mcc_generated_files/adc.c
		_ADC_Initialize		CODE           	01DF	0000	9
		_ADC_GetConversion		CODE           	01C4	0000	28

mcc_generated_files/adc.c estimated size: 37

mcc_generated_files/clc2.c
		_CLC2_ISR      		CODE           	0430	0000	5
		_CLC2_Initialize		CODE           	03FF	0000	22

mcc_generated_files/clc2.c estimated size: 27

C:\Program Files (x86)\Microchip\xc8\v2.00\pic\sources\c90\common\flge.c
		___flge        		CODE           	054C	0000	99

C:\Program Files (x86)\Microchip\xc8\v2.00\pic\sources\c90\common\flge.c estimated size: 99

C:\Program Files (x86)\Microchip\xc8\v2.00\pic\sources\c90\pic\__eeread.c
		_eeprom_read   		CODE           	078F	0000	16

C:\Program Files (x86)\Microchip\xc8\v2.00\pic\sources\c90\pic\__eeread.c estimated size: 16

C:\Program Files (x86)\Microchip\xc8\v2.00\pic\sources\c90\pic\__eewrite.c
		_eeprom_write  		CODE           	0FC7	0000	29

C:\Program Files (x86)\Microchip\xc8\v2.00\pic\sources\c90\pic\__eewrite.c estimated size: 29

C:\Program Files (x86)\Microchip\xc8\v2.00\pic\sources\c90\common\sprcadd.c
		___flsub       		CODE           	0704	0000	30
		___fladd       		CODE           	05AE	0000	336

C:\Program Files (x86)\Microchip\xc8\v2.00\pic\sources\c90\common\sprcadd.c estimated size: 366

shared
		i1_EncoderStatusUpdate		CODE           	0549	0000	4
		i1_GPort_GP1_PWM		CODE           	0D7A	0000	25
		i1_GPort_GP2_PWM		CODE           	0E0A	0000	15
		i1_GPort_GP3_PWM		CODE           	0E8F	0000	14
		i1_ClearInterrupt		CODE           	0FE5	0000	4
		__initialization		CODE           	0032	0000	21
		i1_SetInterrupt		CODE           	06FD	0000	8

shared estimated size: 91

mcc_generated_files/pwm5.c
		_PWM5_Initialize		CODE           	0D70	0000	11

mcc_generated_files/pwm5.c estimated size: 11

mcc_generated_files/mcc.c
		_WDT_Initialize		CODE           	0B4E	0000	5
		_PMD_Initialize		CODE           	0B60	0000	15
		_OSCILLATOR_Initialize		CODE           	0427	0000	10
		_SYSTEM_Initialize		CODE           	03E9	0000	23

mcc_generated_files/mcc.c estimated size: 53

mcc_generated_files/tmr3.c
		_TMR3_ISR      		CODE           	0BAE	0000	10
		_TMR3_Initialize		CODE           	07E2	0000	29
		_TMR3_SetInterruptHandler		CODE           	03E4	0000	6
		_TMR3_DefaultInterruptHandler		CODE           	07FE	0000	2
		_TMR3_CallBack 		CODE           	0BB7	0000	12
		_TMR3_WriteTimer		CODE           	0BC2	0000	16
		_TMR3_StartTimer		CODE           	0B4B	0000	4

mcc_generated_files/tmr3.c estimated size: 79

mcc_generated_files/pwm3.c
		_PWM3_Initialize		CODE           	0FF4	0000	13

mcc_generated_files/pwm3.c estimated size: 13

mcc_generated_files/pwm1.c
		_PWM1_Initialize		CODE           	0E84	0000	12

mcc_generated_files/pwm1.c estimated size: 12

main.c
		_main          		CODE           	0049	0000	32
		_ClearInterrupt		CODE           	0068	0000	4
		_SetInterrupt  		CODE           	01BC	0000	9
		_TimerInt      		CODE           	0B48	0000	4

main.c estimated size: 49

GPports.c
		_UpdateOut_GP1 		CODE           	0F91	0000	18
		_UpdateOut_GP2 		CODE           	0FA2	0000	18
		_UpdateOut_GP3 		CODE           	0FB3	0000	21
		_STD_EncoderMode		CODE           	0F3B	0000	24
		_GP1_FSM       		CODE           	00D2	0000	72
		_GP2_FSM       		CODE           	0119	0000	78
		_GP3_FSM       		CODE           	0166	0000	81
		_Config_GP1    		CODE           	0D06	0000	107
		_Config_GP2    		CODE           	0D92	0000	109
		_Config_GP3    		CODE           	0E18	0000	109
		_GP_Ports_FSM  		CODE           	00B1	0000	34
		_GPort_GP1_PWM 		CODE           	0355	0000	28
		_GPort_GP2_PWM 		CODE           	039A	0000	17
		_GPort_GP3_PWM 		CODE           	03D4	0000	17
		_RGB_EncoderMode		CODE           	0F03	0000	57
		_FADE_GP1      		CODE           	032B	0000	43
		_FADE_GP2      		CODE           	0370	0000	43
		_FADE_GP3      		CODE           	03AA	0000	43

GPports.c estimated size: 919

Encoder.c
		_FADE_LEDS     		CODE           	0274	0000	122
		_EncoderSwitch_GetValueFiltered		CODE           	0246	0000	29
		_Encoder_FSM   		CODE           	009F	0000	19
		_CLC_1_Interrupt		CODE           	0438	0000	137
		_CLC_2_Interrupt		CODE           	04C0	0000	138
		_EncoderSwitch_GetValue		CODE           	0267	0000	14
		_RGBEncoder_BLED		CODE           	031B	0000	17
		_RGBEncoder_GLED		CODE           	02FB	0000	17
		_RGBEncoder_RLED		CODE           	030B	0000	17
		_Encoder_PushButton_FSM		CODE           	01E7	0000	96

Encoder.c estimated size: 606

mcc_generated_files/clc1.c
		_CLC1_ISR      		CODE           	0434	0000	5
		_CLC1_Initialize		CODE           	0B7F	0000	22

mcc_generated_files/clc1.c estimated size: 27

